Component: ARM Compiler 5.06 update 7 (build 960) Tool: armlink [4d3601]

==============================================================================

Section Cross References

    startup_stm32f103xb.o(STACK) refers (Special) to heapauxi.o(.text) for __use_two_region_memory
    startup_stm32f103xb.o(HEAP) refers (Special) to heapauxi.o(.text) for __use_two_region_memory
    startup_stm32f103xb.o(RESET) refers (Special) to heapauxi.o(.text) for __use_two_region_memory
    startup_stm32f103xb.o(RESET) refers to startup_stm32f103xb.o(STACK) for __initial_sp
    startup_stm32f103xb.o(RESET) refers to startup_stm32f103xb.o(.text) for Reset_Handler
    startup_stm32f103xb.o(RESET) refers to stm32f1xx_it.o(i.NMI_Handler) for NMI_Handler
    startup_stm32f103xb.o(RESET) refers to stm32f1xx_it.o(i.HardFault_Handler) for HardFault_Handler
    startup_stm32f103xb.o(RESET) refers to stm32f1xx_it.o(i.MemManage_Handler) for MemManage_Handler
    startup_stm32f103xb.o(RESET) refers to stm32f1xx_it.o(i.BusFault_Handler) for BusFault_Handler
    startup_stm32f103xb.o(RESET) refers to stm32f1xx_it.o(i.UsageFault_Handler) for UsageFault_Handler
    startup_stm32f103xb.o(RESET) refers to stm32f1xx_it.o(i.SVC_Handler) for SVC_Handler
    startup_stm32f103xb.o(RESET) refers to stm32f1xx_it.o(i.DebugMon_Handler) for DebugMon_Handler
    startup_stm32f103xb.o(RESET) refers to stm32f1xx_it.o(i.PendSV_Handler) for PendSV_Handler
    startup_stm32f103xb.o(RESET) refers to stm32f1xx_it.o(i.SysTick_Handler) for SysTick_Handler
    startup_stm32f103xb.o(.text) refers (Special) to heapauxi.o(.text) for __use_two_region_memory
    startup_stm32f103xb.o(.text) refers to system_stm32f1xx.o(i.SystemInit) for SystemInit
    startup_stm32f103xb.o(.text) refers to __main.o(!!!main) for __main
    startup_stm32f103xb.o(.text) refers to startup_stm32f103xb.o(HEAP) for Heap_Mem
    startup_stm32f103xb.o(.text) refers to startup_stm32f103xb.o(STACK) for Stack_Mem
    main.o(i.SystemClock_Config) refers to rt_memclr_w.o(.text) for __aeabi_memclr4
    main.o(i.SystemClock_Config) refers to stm32f1xx_hal_rcc.o(i.HAL_RCC_OscConfig) for HAL_RCC_OscConfig
    main.o(i.SystemClock_Config) refers to stm32f1xx_hal_rcc.o(i.HAL_RCC_ClockConfig) for HAL_RCC_ClockConfig
    main.o(i.main) refers to stm32f1xx_hal.o(i.HAL_Init) for HAL_Init
    main.o(i.main) refers to main.o(i.SystemClock_Config) for SystemClock_Config
    main.o(i.main) refers to stm32f1xx_hal_i2c.o(i.HAL_I2C_Init) for HAL_I2C_Init
    main.o(i.main) refers to u8g2_ssd1306_hal.o(i.u8g2_init_ssd1306_i2c) for u8g2_init_ssd1306_i2c
    main.o(i.main) refers to u8g2_font.c.obj(.text.u8g2_DrawStr) for u8g2_DrawStr
    main.o(i.main) refers to u8g2_font.c.obj(.text.u8g2_DrawUTF8) for u8g2_DrawUTF8
    main.o(i.main) refers to u8g2_buffer.c.obj(.text.u8g2_SendBuffer) for u8g2_SendBuffer
    main.o(i.main) refers to main.o(.bss) for .bss
    stm32f1xx_it.o(i.SysTick_Handler) refers to stm32f1xx_hal.o(i.HAL_IncTick) for HAL_IncTick
    stm32f1xx_hal_msp.o(i.HAL_I2C_MspDeInit) refers to stm32f1xx_hal_gpio.o(i.HAL_GPIO_DeInit) for HAL_GPIO_DeInit
    stm32f1xx_hal_msp.o(i.HAL_I2C_MspInit) refers to stm32f1xx_hal_gpio.o(i.HAL_GPIO_Init) for HAL_GPIO_Init
    u8g2_ssd1306_hal.o(i.port_byte) refers to stm32f1xx_hal.o(i.HAL_Delay) for HAL_Delay
    u8g2_ssd1306_hal.o(i.port_byte) refers to stm32f1xx_hal_i2c.o(i.HAL_I2C_Master_Transmit) for HAL_I2C_Master_Transmit
    u8g2_ssd1306_hal.o(i.port_byte) refers to u8g2_ssd1306_hal.o(.data) for .data
    u8g2_ssd1306_hal.o(i.port_byte) refers to u8g2_ssd1306_hal.o(.bss) for .bss
    u8g2_ssd1306_hal.o(i.u8g2_init_ssd1306_i2c) refers to u8g2_d_setup.c.obj(.text.u8g2_Setup_ssd1306_i2c_128x64_noname_f) for u8g2_Setup_ssd1306_i2c_128x64_noname_f
    u8g2_ssd1306_hal.o(i.u8g2_init_ssd1306_i2c) refers to u8x8_display.c.obj(.text.u8x8_InitDisplay) for u8x8_InitDisplay
    u8g2_ssd1306_hal.o(i.u8g2_init_ssd1306_i2c) refers to u8x8_display.c.obj(.text.u8x8_SetPowerSave) for u8x8_SetPowerSave
    u8g2_ssd1306_hal.o(i.u8g2_init_ssd1306_i2c) refers to u8g2_font.c.obj(.text.u8g2_SetFont) for u8g2_SetFont
    u8g2_ssd1306_hal.o(i.u8g2_init_ssd1306_i2c) refers to u8g2_buffer.c.obj(.text.u8g2_ClearBuffer) for u8g2_ClearBuffer
    u8g2_ssd1306_hal.o(i.u8g2_init_ssd1306_i2c) refers to u8g2_buffer.c.obj(.text.u8g2_SendBuffer) for u8g2_SendBuffer
    u8g2_ssd1306_hal.o(i.u8g2_init_ssd1306_i2c) refers to u8g2_ssd1306_hal.o(.data) for .data
    u8g2_ssd1306_hal.o(i.u8g2_init_ssd1306_i2c) refers to u8x8_setup.c.obj(.text.u8x8_dummy_cb) for u8x8_dummy_cb
    u8g2_ssd1306_hal.o(i.u8g2_init_ssd1306_i2c) refers to u8g2_ssd1306_hal.o(i.port_byte) for port_byte
    u8g2_ssd1306_hal.o(i.u8g2_init_ssd1306_i2c) refers to u8g2_setup.c.obj(.rodata.u8g2_cb_r0) for u8g2_cb_r0
    u8g2_ssd1306_hal.o(i.u8g2_init_ssd1306_i2c) refers to u8g2_fonts.c.obj(.rodata.u8g2_font_boutique_bitmap_9x9_bold_t_chinese1) for u8g2_font_boutique_bitmap_9x9_bold_t_chinese1
[...]
    ../clib/armsys.c                         0x00000000   Number         0  _get_argv_nomalloc.o ABSOLUTE
    ../clib/armsys.c                         0x00000000   Number         0  no_argv.o ABSOLUTE
    ../clib/armsys.c                         0x00000000   Number         0  argv_veneer.o ABSOLUTE
    ../clib/armsys.c                         0x00000000   Number         0  argv_veneer.o ABSOLUTE
    ../clib/heapalloc.c                      0x00000000   Number         0  hrguard.o ABSOLUTE
    ../clib/heapaux.c                        0x00000000   Number         0  heapauxi.o ABSOLUTE
    ../clib/libinit.s                        0x00000000   Number         0  libshutdown2.o ABSOLUTE
    ../clib/libinit.s                        0x00000000   Number         0  libinit.o ABSOLUTE
    ../clib/libinit.s                        0x00000000   Number         0  libshutdown.o ABSOLUTE
    ../clib/libinit.s                        0x00000000   Number         0  libinit2.o ABSOLUTE
    ../clib/longlong.s                       0x00000000   Number         0  llushr.o ABSOLUTE
    ../clib/memcpset.s                       0x00000000   Number         0  memset.o ABSOLUTE
    ../clib/memcpset.s                       0x00000000   Number         0  rt_memclr_w.o ABSOLUTE
    ../clib/memcpset.s                       0x00000000   Number         0  rt_memclr.o ABSOLUTE
    ../clib/signal.c                         0x00000000   Number         0  defsig_other.o ABSOLUTE
    ../clib/signal.c                         0x00000000   Number         0  defsig_cppl_inner.o ABSOLUTE
    ../clib/signal.c                         0x00000000   Number         0  defsig_general.o ABSOLUTE
    ../clib/signal.c                         0x00000000   Number         0  defsig_pvfn_inner.o ABSOLUTE
    ../clib/signal.c                         0x00000000   Number         0  defsig_stak_inner.o ABSOLUTE
    ../clib/signal.c                         0x00000000   Number         0  defsig_rtred_inner.o ABSOLUTE
    ../clib/signal.c                         0x00000000   Number         0  defsig_fpe_inner.o ABSOLUTE
    ../clib/signal.c                         0x00000000   Number         0  defsig_abrt_inner.o ABSOLUTE
    ../clib/signal.c                         0x00000000   Number         0  defsig_rtmem_formal.o ABSOLUTE
    ../clib/signal.c                         0x00000000   Number         0  defsig_rtmem_outer.o ABSOLUTE
    ../clib/signal.c                         0x00000000   Number         0  defsig_exit.o ABSOLUTE
    ../clib/signal.c                         0x00000000   Number         0  defsig_rtmem_inner.o ABSOLUTE
    ../clib/signal.c                         0x00000000   Number         0  __raise.o ABSOLUTE
    ../clib/signal.c                         0x00000000   Number         0  defsig_segv_inner.o ABSOLUTE
    ../clib/signal.s                         0x00000000   Number         0  defsig.o ABSOLUTE
    ../clib/stdlib.c                         0x00000000   Number         0  exit.o ABSOLUTE
    ../fplib/fpinit.s                        0x00000000   Number         0  fpinit.o ABSOLUTE
    ..\Core\Src\main.c                       0x00000000   Number         0  main.o ABSOLUTE
    ..\Core\Src\stm32f1xx_hal_msp.c          0x00000000   Number         0  stm32f1xx_hal_msp.o ABSOLUTE
    ..\Core\Src\stm32f1xx_it.c               0x00000000   Number         0  stm32f1xx_it.o ABSOLUTE
    ..\Core\Src\system_stm32f1xx.c           0x00000000   Number         0  system_stm32f1xx.o ABSOLUTE
    ..\Core\Src\u8g2_ssd1306_hal.c           0x00000000   Number         0  u8g2_ssd1306_hal.o ABSOLUTE
    ..\Drivers\STM32F1xx_HAL_Driver\Src\stm32f1xx_hal.c 0x00000000   Number         0  stm32f1xx_hal.o ABSOLUTE
    ..\Drivers\STM32F1xx_HAL_Driver\Src\stm32f1xx_hal_cortex.c 0x00000000   Number         0  stm32f1xx_hal_cortex.o ABSOLUTE
    ..\Drivers\STM32F1xx_HAL_Driver\Src\stm32f1xx_hal_dma.c 0x00000000   Number         0  stm32f1xx_hal_dma.o ABSOLUTE
    ..\Drivers\STM32F1xx_HAL_Driver\Src\stm32f1xx_hal_exti.c 0x00000000   Number         0  stm32f1xx_hal_exti.o ABSOLUTE
    ..\Drivers\STM32F1xx_HAL_Driver\Src\stm32f1xx_hal_flash.c 0x00000000   Number         0  stm32f1xx_hal_flash.o ABSOLUTE
    ..\Drivers\STM32F1xx_HAL_Driver\Src\stm32f1xx_hal_flash_ex.c 0x00000000   Number         0  stm32f1xx_hal_flash_ex.o ABSOLUTE
    ..\Drivers\STM32F1xx_HAL_Driver\Src\stm32f1xx_hal_gpio.c 0x00000000   Number         0  stm32f1xx_hal_gpio.o ABSOLUTE
    ..\Drivers\STM32F1xx_HAL_Driver\Src\stm32f1xx_hal_gpio_ex.c 0x00000000   Number         0  stm32f1xx_hal_gpio_ex.o ABSOLUTE
    ..\Drivers\STM32F1xx_HAL_Driver\Src\stm32f1xx_hal_i2c.c 0x00000000   Number         0  stm32f1xx_hal_i2c.o ABSOLUTE
    ..\Drivers\STM32F1xx_HAL_Driver\Src\stm32f1xx_hal_pwr.c 0x00000000   Number         0  stm32f1xx_hal_pwr.o ABSOLUTE
    ..\Drivers\STM32F1xx_HAL_Driver\Src\stm32f1xx_hal_rcc.c 0x00000000   Number         0  stm32f1xx_hal_rcc.o ABSOLUTE
    ..\Drivers\STM32F1xx_HAL_Driver\Src\stm32f1xx_hal_rcc_ex.c 0x00000000   Number         0  stm32f1xx_hal_rcc_ex.o ABSOLUTE
    ..\\Core\\Src\\u8g2_ssd1306_hal.c        0x00000000   Number         0  u8g2_ssd1306_hal.o ABSOLUTE
    dc.s                                     0x00000000   Number         0  dc.o ABSOLUTE
    startup_stm32f103xb.s                    0x00000000   Number         0  startup_stm32f103xb.o ABSOLUTE
    u8g2_buffer.c                            0x00000000   Number         0  u8g2_buffer.c.obj ABSOLUTE
    u8g2_d_memory.c                          0x00000000   Number         0  u8g2_d_memory.c.obj ABSOLUTE
    u8g2_d_setup.c                           0x00000000   Number         0  u8g2_d_setup.c.obj ABSOLUTE
    u8g2_font.c                              0x00000000   Number         0  u8g2_font.c.obj ABSOLUTE
    u8g2_fonts.c                             0x00000000   Number         0  u8g2_fonts.c.obj ABSOLUTE
    u8g2_hvline.c                            0x00000000   Number         0  u8g2_hvline.c.obj ABSOLUTE
    u8g2_intersection.c                      0x00000000   Number         0  u8g2_intersection.c.obj ABSOLUTE
    u8g2_kerning.c                           0x00000000   Number         0  u8g2_kerning.c.obj ABSOLUTE
    u8g2_ll_hvline.c                         0x00000000   Number         0  u8g2_ll_hvline.c.obj ABSOLUTE
    u8g2_setup.c                             0x00000000   Number         0  u8g2_setup.c.obj ABSOLUTE
    u8x8_8x8.c                               0x00000000   Number         0  u8x8_8x8.c.obj ABSOLUTE
    u8x8_byte.c                              0x00000000   Number         0  u8x8_byte.c.obj ABSOLUTE
    u8x8_cad.c                               0x00000000   Number         0  u8x8_cad.c.obj ABSOLUTE
    u8x8_capture.c                           0x00000000   Number         0  u8x8_capture.c.obj ABSOLUTE
    u8x8_d_ssd1306_128x64_noname.c           0x00000000   Number         0  u8x8_d_ssd1306_128x64_noname.c.obj ABSOLUTE
    u8x8_display.c                           0x00000000   Number         0  u8x8_display.c.obj ABSOLUTE
    u8x8_gpio.c                              0x00000000   Number         0  u8x8_gpio.c.obj ABSOLUTE
    u8x8_setup.c                             0x00000000   Number         0  u8x8_setup.c.obj ABSOLUTE
    u8x8_u16toa.c                            0x00000000   Number         0  u8x8_u16toa.c.obj ABSOLUTE
    wm4.0.959b62c21114283e0e2021b04b4bcd76   0x00000000   Number         0  u8g2_buffer.c.obj ABSOLUTE
    wm4._ansi.h.31.de524f58584151836e90d8620a16f8e8 0x00000000   Number         0  u8g2_buffer.c.obj ABSOLUTE
    wm4._default_types.h.15.247e5cd201eca3442cbf5404108c4935 0x00000000   Number         0  u8g2_buffer.c.obj ABSOLUTE
    wm4._intsup.h.10.48bafbb683905c4daa4565a85aeeb264 0x00000000   Number         0  u8g2_buffer.c.obj ABSOLUTE
    wm4._newlib_version.h.4.411db44ea2338a62eca2f0777f81481b 0x00000000   Number         0  u8g2_buffer.c.obj ABSOLUTE
    wm4._stdint.h.10.c24fa3af3bc1706662bb5593a907e841 0x00000000   Number         0  u8g2_buffer.c.obj ABSOLUTE
    wm4._types.h.127.3bdfe3ff8ea2d0985b03d9cbe93480e3 0x00000000   Number         0  u8g2_buffer.c.obj ABSOLUTE
    wm4._types.h.20.dd0d04dca3800a0d2a6129b87f3adbb2 0x00000000   Number         0  u8g2_buffer.c.obj ABSOLUTE
    wm4.assert.h.11.db24e541f16414db224bf986d21017e2 0x00000000   Number         0  u8g2_setup.c.obj ABSOLUTE
    wm4.cdefs.h.49.70fc7af612f78ddcace70fdd90b5623b 0x00000000   Number         0  u8g2_buffer.c.obj ABSOLUTE
    wm4.config.h.224.10ee1ad185d877c6e334e6581faab44d 0x00000000   Number         0  u8g2_buffer.c.obj ABSOLUTE
    wm4.features.h.33.e0c9f337c65cb9f22ed5f23d082bc78b 0x00000000   Number         0  u8g2_buffer.c.obj ABSOLUTE
    wm4.ieeefp.h.77.fbf6f2f498a71d39a0aaf172d6680419 0x00000000   Number         0  u8g2_buffer.c.obj ABSOLUTE
    wm4.limits.h.60.56a1ae353e2028a24298ec6463b8b593 0x00000000   Number         0  u8g2_buffer.c.obj ABSOLUTE
    wm4.limits.h.9.70fb0ada6f71b16202a66baaa6d8ea70 0x00000000   Number         0  u8g2_buffer.c.obj ABSOLUTE
    wm4.lock.h.2.1461d1fff82dffe8bfddc23307f6484f 0x00000000   Number         0  u8g2_buffer.c.obj ABSOLUTE
    wm4.newlib.h.7.a37ffbe9e5aff74303f4e60b1cc1c01b 0x00000000   Number         0  u8g2_buffer.c.obj ABSOLUTE
    wm4.reent.h.18.25503cdc8b7e55dd0d6ea7b3e5af7a03 0x00000000   Number         0  u8g2_buffer.c.obj ABSOLUTE
    wm4.reent.h.78.6b87466b04591b1f1cb88c14fdf2ba9e 0x00000000   Number         0  u8g2_buffer.c.obj ABSOLUTE
    wm4.stdarg.h.31.f7f4f3bfddce9ed034956076d59396f7 0x00000000   Number         0  u8g2_buffer.c.obj ABSOLUTE
    wm4.stddef.h.158.6f8e08a347b1cff664332fa350bfceb3 0x00000000   Number         0  u8g2_buffer.c.obj ABSOLUTE
    wm4.stddef.h.158.eec8bf00b5213f43d095cb984c5f22e3 0x00000000   Number         0  u8g2_buffer.c.obj ABSOLUTE
    wm4.stddef.h.39.0dc9006b34572d4d9cae4c8b422c4971 0x00000000   Number         0  u8g2_buffer.c.obj ABSOLUTE
    wm4.stdint.h.23.d53047a68f4a85177f80b422d52785ed 0x00000000   Number         0  u8g2_buffer.c.obj ABSOLUTE
    wm4.string.h.15.dab3980bf35408a4c507182805e2de3a 0x00000000   Number         0  u8g2_buffer.c.obj ABSOLUTE
    wm4.string.h.177.59a005921fa78485abc80a0267de5752 0x00000000   Number         0  u8g2_buffer.c.obj ABSOLUTE
    wm4.syslimits.h.34.de5cbd310098bc5895998b6bde577ed2 0x00000000   Number         0  u8g2_buffer.c.obj ABSOLUTE
    wm4.u8g2.h.71.c092de4d054aeabf670c1f0379cdc9b1 0x00000000   Number         0  u8g2_buffer.c.obj ABSOLUTE
    wm4.u8x8.h.145.03f7bad3cb0b041d3144b911c52969ea 0x00000000   Number         0  u8g2_buffer.c.obj ABSOLUTE
    wm4.u8x8.h.86.bc5ec8fbecc320ead0be82affafd935e 0x00000000   Number         0  u8g2_buffer.c.obj ABSOLUTE
    RESET                                    0x08000000   Section      236  startup_stm32f103xb.o(RESET)
    !!!main                                  0x080000ec   Section        8  __main.o(!!!main)
    !!!scatter                               0x080000f4   Section       52  __scatter.o(!!!scatter)
    !!handler_copy                           0x08000128   Section       26  __scatter_copy.o(!!handler_copy)
    !!handler_zi                             0x08000144   Section       28  __scatter_zi.o(!!handler_zi)
    .ARM.Collect$$libinit$$00000000          0x08000160   Section        2  libinit.o(.ARM.Collect$$libinit$$00000000)
    .ARM.Collect$$libinit$$00000001          0x08000162   Section        4  libinit2.o(.ARM.Collect$$libinit$$00000001)
    .ARM.Collect$$libinit$$00000004          0x08000166   Section        0  libinit2.o(.ARM.Collect$$libinit$$00000004)
    .ARM.Collect$$libinit$$0000000A          0x08000166   Section        0  libinit2.o(.ARM.Collect$$libinit$$0000000A)
    .ARM.Collect$$libinit$$0000000C          0x08000166   Section        0  libinit2.o(.ARM.Collect$$libinit$$0000000C)
    .ARM.Collect$$libinit$$0000000E          0x08000166   Section        0  libinit2.o(.ARM.Collect$$libinit$$0000000E)
    .ARM.Collect$$libinit$$00000011          0x08000166   Section        0  libinit2.o(.ARM.Collect$$libinit$$00000011)
    .ARM.Collect$$libinit$$00000013          0x08000166   Section        0  libinit2.o(.ARM.Collect$$libinit$$00000013)
    .ARM.Collect$$libinit$$00000015          0x08000166   Section        0  libinit2.o(.ARM.Collect$$libinit$$00000015)
    .ARM.Collect$$libinit$$00000017          0x08000166   Section        0  libinit2.o(.ARM.Collect$$libinit$$00000017)
    .ARM.Collect$$libinit$$00000019          0x08000166   Section        0  libinit2.o(.ARM.Collect$$libinit$$00000019)
    .ARM.Collect$$libinit$$0000001B          0x08000166   Section        0  libinit2.o(.ARM.Collect$$libinit$$0000001B)
    .ARM.Collect$$libinit$$0000001D          0x08000166   Section        0  libinit2.o(.ARM.Collect$$libinit$$0000001D)
    .ARM.Collect$$libinit$$0000001F          0x08000166   Section        0  libinit2.o(.ARM.Collect$$libinit$$0000001F)
    .ARM.Collect$$libinit$$00000021          0x08000166   Section        0  libinit2.o(.ARM.Collect$$libinit$$00000021)
    .ARM.Collect$$libinit$$00000023          0x08000166   Section        0  libinit2.o(.ARM.Collect$$libinit$$00000023)
    .ARM.Collect$$libinit$$00000025          0x08000166   Section        0  libinit2.o(.ARM.Collect$$libinit$$00000025)
    .ARM.Collect$$libinit$$0000002C          0x08000166   Section        0  libinit2.o(.ARM.Collect$$libinit$$0000002C)
    .ARM.Collect$$libinit$$0000002E          0x08000166   Section        0  libinit2.o(.ARM.Collect$$libinit$$0000002E)
    .ARM.Collect$$libinit$$00000030          0x08000166   Section        0  libinit2.o(.ARM.Collect$$libinit$$00000030)
    .ARM.Collect$$libinit$$00000032          0x08000166   Section        0  libinit2.o(.ARM.Collect$$libinit$$00000032)
    .ARM.Collect$$libinit$$00000033          0x08000166   Section        2  libinit2.o(.ARM.Collect$$libinit$$00000033)
    .ARM.Collect$$libshutdown$$00000000      0x08000168   Section        2  libshutdown.o(.ARM.Collect$$libshutdown$$00000000)
    .ARM.Collect$$libshutdown$$00000002      0x0800016a   Section        0  libshutdown2.o(.ARM.Collect$$libshutdown$$00000002)
    .ARM.Collect$$libshutdown$$00000004      0x0800016a   Section        0  libshutdown2.o(.ARM.Collect$$libshutdown$$00000004)
    .ARM.Collect$$libshutdown$$00000006      0x0800016a   Section        0  libshutdown2.o(.ARM.Collect$$libshutdown$$00000006)
    .ARM.Collect$$libshutdown$$00000009      0x0800016a   Section        0  libshutdown2.o(.ARM.Collect$$libshutdown$$00000009)
    .ARM.Collect$$libshutdown$$0000000C      0x0800016a   Section        0  libshutdown2.o(.ARM.Collect$$libshutdown$$0000000C)
    .ARM.Collect$$libshutdown$$0000000E      0x0800016a   Section        0  libshutdown2.o(.ARM.Collect$$libshutdown$$0000000E)
    .ARM.Collect$$libshutdown$$00000011      0x0800016a   Section        0  libshutdown2.o(.ARM.Collect$$libshutdown$$00000011)
    .ARM.Collect$$libshutdown$$00000012      0x0800016a   Section        2  libshutdown2.o(.ARM.Collect$$libshutdown$$00000012)
    .ARM.Collect$$rtentry$$00000000          0x0800016c   Section        0  __rtentry.o(.ARM.Collect$$rtentry$$00000000)
    .ARM.Collect$$rtentry$$00000002          0x0800016c   Section        0  __rtentry2.o(.ARM.Collect$$rtentry$$00000002)
    .ARM.Collect$$rtentry$$00000004          0x0800016c   Section        6  __rtentry4.o(.ARM.Collect$$rtentry$$00000004)
    .ARM.Collect$$rtentry$$00000009          0x08000172   Section        0  __rtentry2.o(.ARM.Collect$$rtentry$$00000009)
    .ARM.Collect$$rtentry$$0000000A          0x08000172   Section        4  __rtentry2.o(.ARM.Collect$$rtentry$$0000000A)
    .ARM.Collect$$rtentry$$0000000C          0x08000176   Section        0  __rtentry2.o(.ARM.Collect$$rtentry$$0000000C)
    .ARM.Collect$$rtentry$$0000000D          0x08000176   Section        8  __rtentry2.o(.ARM.Collect$$rtentry$$0000000D)
    .ARM.Collect$$rtexit$$00000000           0x0800017e   Section        2  rtexit.o(.ARM.Collect$$rtexit$$00000000)
    .ARM.Collect$$rtexit$$00000002           0x08000180   Section        0  rtexit2.o(.ARM.Collect$$rtexit$$00000002)
    .ARM.Collect$$rtexit$$00000003           0x08000180   Section        4  rtexit2.o(.ARM.Collect$$rtexit$$00000003)
    .ARM.Collect$$rtexit$$00000004           0x08000184   Section        6  rtexit2.o(.ARM.Collect$$rtexit$$00000004)
    .text                                    0x0800018c   Section       64  startup_stm32f103xb.o(.text)
    .text                                    0x080001cc   Section       22  memset.o(.text)
    .text                                    0x080001e2   Section       78  rt_memclr_w.o(.text)
    .text                                    0x08000230   Section        0  heapauxi.o(.text)
    .text                                    0x08000236   Section       68  rt_memclr.o(.text)
    .text                                    0x0800027a   Section       74  sys_stackheap_outer.o(.text)
    .text                                    0x080002c4   Section        0  exit.o(.text)
    .text                                    0x080002d8   Section        8  libspace.o(.text)
    .text                                    0x080002e0   Section        0  sys_exit.o(.text)
    .text                                    0x080002ec   Section        8  rt_fp_status_addr_intlibspace.o(.text)
    .text                                    0x080002f4   Section        2  use_no_semi.o(.text)
    [Anonymous Symbol]                       0x080002f6   Section        0  u8g2_buffer.c.obj(.text.u8g2_ClearBuffer)
    .text                                    0x080002f6   Section        0  indicate_semi.o(.text)
    [Anonymous Symbol]                       0x08000334   Section        0  u8g2_font.c.obj(.text.u8g2_DrawGlyph)
    [Anonymous Symbol]                       0x080003d8   Section        0  u8g2_hvline.c.obj(.text.u8g2_DrawHVLine)
    [Anonymous Symbol]                       0x080004f0   Section        0  u8g2_font.c.obj(.text.u8g2_DrawStr)
    [Anonymous Symbol]                       0x08000524   Section        0  u8g2_font.c.obj(.text.u8g2_DrawUTF8)
    [Anonymous Symbol]                       0x08000558   Section        0  u8g2_intersection.c.obj(.text.u8g2_IsIntersection)
    [Anonymous Symbol]                       0x080005ae   Section        0  u8g2_buffer.c.obj(.text.u8g2_SendBuffer)
    [Anonymous Symbol]                       0x080005ca   Section        0  u8g2_font.c.obj(.text.u8g2_SetFont)
    [Anonymous Symbol]                       0x08000600   Section        0  u8g2_font.c.obj(.text.u8g2_SetFontPosBaseline)
    [Anonymous Symbol]                       0x0800061c   Section        0  u8g2_setup.c.obj(.text.u8g2_SetMaxClipWindow)
    [Anonymous Symbol]                       0x0800065a   Section        0  u8g2_setup.c.obj(.text.u8g2_SetupBuffer)
    [Anonymous Symbol]                       0x080006e0   Section        0  u8g2_d_setup.c.obj(.text.u8g2_Setup_ssd1306_i2c_128x64_noname_f)
    [Anonymous Symbol]                       0x08000730   Section        0  u8g2_font.c.obj(.text.u8g2_UpdateRefHeight)
    [Anonymous Symbol]                       0x08000806   Section        0  u8g2_font.c.obj(.text.u8g2_add_vector_x)
    [Anonymous Symbol]                       0x0800087c   Section        0  u8g2_font.c.obj(.text.u8g2_add_vector_y)
    [Anonymous Symbol]                       0x080008f2   Section        0  u8g2_setup.c.obj(.text.u8g2_apply_clip_window)
    u8g2_apply_clip_window                   0x080008f3   Thumb Code   186  u8g2_setup.c.obj(.text.u8g2_apply_clip_window)
    [Anonymous Symbol]                       0x080009ac   Section        0  u8g2_hvline.c.obj(.text.u8g2_clip_intersection2)
    u8g2_clip_intersection2                  0x080009ad   Thumb Code   154  u8g2_hvline.c.obj(.text.u8g2_clip_intersection2)
    [Anonymous Symbol]                       0x08000a46   Section        0  u8g2_hvline.c.obj(.text.u8g2_draw_hv_line_2dir)
    [Anonymous Symbol]                       0x08000a88   Section        0  u8g2_setup.c.obj(.text.u8g2_draw_l90_r0)
    [Anonymous Symbol]                       0x08000abc   Section        0  u8g2_font.c.obj(.text.u8g2_draw_string)
    u8g2_draw_string                         0x08000abd   Thumb Code   182  u8g2_font.c.obj(.text.u8g2_draw_string)
    [Anonymous Symbol]                       0x08000b74   Section        0  u8g2_font.c.obj(.text.u8g2_font_calc_vref_font)
    [Anonymous Symbol]                       0x08000b88   Section        0  u8g2_font.c.obj(.text.u8g2_font_decode_get_signed_bits)
    [Anonymous Symbol]                       0x08000bce   Section        0  u8g2_font.c.obj(.text.u8g2_font_decode_get_unsigned_bits)
    [Anonymous Symbol]                       0x08000c64   Section        0  u8g2_font.c.obj(.text.u8g2_font_decode_glyph)
    [Anonymous Symbol]                       0x08000e80   Section        0  u8g2_font.c.obj(.text.u8g2_font_decode_len)
    [Anonymous Symbol]                       0x08000f90   Section        0  u8g2_font.c.obj(.text.u8g2_font_draw_glyph)
    u8g2_font_draw_glyph                     0x08000f91   Thumb Code    86  u8g2_font.c.obj(.text.u8g2_font_draw_glyph)
    [Anonymous Symbol]                       0x08000fe6   Section        0  u8g2_font.c.obj(.text.u8g2_font_get_byte)
    u8g2_font_get_byte                       0x08000fe7   Thumb Code    34  u8g2_font.c.obj(.text.u8g2_font_get_byte)
    [Anonymous Symbol]                       0x08001008   Section        0  u8g2_font.c.obj(.text.u8g2_font_get_glyph_data)
    [Anonymous Symbol]                       0x08001108   Section        0  u8g2_font.c.obj(.text.u8g2_font_get_word)
    u8g2_font_get_word                       0x08001109   Thumb Code    62  u8g2_font.c.obj(.text.u8g2_font_get_word)
    [Anonymous Symbol]                       0x08001146   Section        0  u8g2_font.c.obj(.text.u8g2_font_setup_decode)
    u8g2_font_setup_decode                   0x08001147   Thumb Code   110  u8g2_font.c.obj(.text.u8g2_font_setup_decode)
    [Anonymous Symbol]                       0x080011b4   Section        0  u8g2_intersection.c.obj(.text.u8g2_is_intersection_decision_tree)
    [Anonymous Symbol]                       0x0800121a   Section        0  u8g2_ll_hvline.c.obj(.text.u8g2_ll_hvline_vertical_top_lsb)
    [Anonymous Symbol]                       0x08001358   Section        0  u8g2_d_memory.c.obj(.text.u8g2_m_16_8_f)
    [Anonymous Symbol]                       0x08001378   Section        0  u8g2_font.c.obj(.text.u8g2_read_font_info)
    [Anonymous Symbol]                       0x080014ca   Section        0  u8g2_buffer.c.obj(.text.u8g2_send_buffer)
    u8g2_send_buffer                         0x080014cb   Thumb Code    84  u8g2_buffer.c.obj(.text.u8g2_send_buffer)
    [Anonymous Symbol]                       0x0800151e   Section        0  u8g2_buffer.c.obj(.text.u8g2_send_tile_row)
    u8g2_send_tile_row                       0x0800151f   Thumb Code    86  u8g2_buffer.c.obj(.text.u8g2_send_tile_row)
    [Anonymous Symbol]                       0x08001574   Section        0  u8g2_setup.c.obj(.text.u8g2_update_dimension_common)
    u8g2_update_dimension_common             0x08001575   Thumb Code   190  u8g2_setup.c.obj(.text.u8g2_update_dimension_common)
    [Anonymous Symbol]                       0x08001632   Section        0  u8g2_setup.c.obj(.text.u8g2_update_dimension_r0)
    [Anonymous Symbol]                       0x08001648   Section        0  u8g2_setup.c.obj(.text.u8g2_update_page_win_r0)
    [Anonymous Symbol]                       0x0800168a   Section        0  u8x8_display.c.obj(.text.u8x8_DrawTile)
    [Anonymous Symbol]                       0x080016ce   Section        0  u8x8_display.c.obj(.text.u8x8_InitDisplay)
    [Anonymous Symbol]                       0x080016ec   Section        0  u8x8_display.c.obj(.text.u8x8_RefreshDisplay)
    [Anonymous Symbol]                       0x0800170a   Section        0  u8x8_display.c.obj(.text.u8x8_SetPowerSave)
    [Anonymous Symbol]                       0x0800172c   Section        0  u8x8_setup.c.obj(.text.u8x8_Setup)
    [Anonymous Symbol]                       0x08001768   Section        0  u8x8_setup.c.obj(.text.u8x8_SetupDefaults)
    [Anonymous Symbol]                       0x080017c4   Section        0  u8x8_display.c.obj(.text.u8x8_SetupMemory)
    [Anonymous Symbol]                       0x080017e2   Section        0  u8x8_8x8.c.obj(.text.u8x8_ascii_next)
    [Anonymous Symbol]                       0x0800180e   Section        0  u8x8_byte.c.obj(.text.u8x8_byte_EndTransfer)
    [Anonymous Symbol]                       0x0800182e   Section        0  u8x8_byte.c.obj(.text.u8x8_byte_SendByte)
    [Anonymous Symbol]                       0x08001850   Section        0  u8x8_byte.c.obj(.text.u8x8_byte_SendBytes)
    [Anonymous Symbol]                       0x08001876   Section        0  u8x8_byte.c.obj(.text.u8x8_byte_StartTransfer)
    [Anonymous Symbol]                       0x08001896   Section        0  u8x8_cad.c.obj(.text.u8x8_cad_EndTransfer)
    [Anonymous Symbol]                       0x080018b6   Section        0  u8x8_cad.c.obj(.text.u8x8_cad_SendArg)
    [Anonymous Symbol]                       0x080018da   Section        0  u8x8_cad.c.obj(.text.u8x8_cad_SendCmd)
    [Anonymous Symbol]                       0x080018fe   Section        0  u8x8_cad.c.obj(.text.u8x8_cad_SendData)
    [Anonymous Symbol]                       0x08001924   Section        0  u8x8_cad.c.obj(.text.u8x8_cad_SendSequence)
    [Anonymous Symbol]                       0x080019c8   Section        0  u8x8_cad.c.obj(.text.u8x8_cad_StartTransfer)
    [Anonymous Symbol]                       0x080019e8   Section        0  u8x8_cad.c.obj(.text.u8x8_cad_ssd13xx_fast_i2c)
    [Anonymous Symbol]                       0x08001af4   Section        0  u8x8_display.c.obj(.text.u8x8_d_helper_display_init)
    [Anonymous Symbol]                       0x08001b6e   Section        0  u8x8_display.c.obj(.text.u8x8_d_helper_display_setup_memory)
    [Anonymous Symbol]                       0x08001b94   Section        0  u8x8_d_ssd1306_128x64_noname.c.obj(.text.u8x8_d_ssd1306_128x64_noname)
    [Anonymous Symbol]                       0x08001bf8   Section        0  u8x8_d_ssd1306_128x64_noname.c.obj(.text.u8x8_d_ssd1306_sh1106_generic)
    u8x8_d_ssd1306_sh1106_generic            0x08001bf9   Thumb Code   336  u8x8_d_ssd1306_128x64_noname.c.obj(.text.u8x8_d_ssd1306_sh1106_generic)
    [Anonymous Symbol]                       0x08001d48   Section        0  u8x8_setup.c.obj(.text.u8x8_dummy_cb)
    [Anonymous Symbol]                       0x08001d66   Section        0  u8x8_gpio.c.obj(.text.u8x8_gpio_call)
    [Anonymous Symbol]                       0x08001d8c   Section        0  u8x8_cad.c.obj(.text.u8x8_i2c_data_transfer)
    u8x8_i2c_data_transfer                   0x08001d8d   Thumb Code    56  u8x8_cad.c.obj(.text.u8x8_i2c_data_transfer)
    [Anonymous Symbol]                       0x08001dc4   Section        0  u8x8_8x8.c.obj(.text.u8x8_utf8_init)
    [Anonymous Symbol]                       0x08001dde   Section        0  u8x8_8x8.c.obj(.text.u8x8_utf8_next)
    i.BusFault_Handler                       0x08001ee4   Section        0  stm32f1xx_it.o(i.BusFault_Handler)
    i.DebugMon_Handler                       0x08001ee6   Section        0  stm32f1xx_it.o(i.DebugMon_Handler)
    i.HAL_Delay                              0x08001ee8   Section        0  stm32f1xx_hal.o(i.HAL_Delay)
    i.HAL_GPIO_Init                          0x08001f0c   Section        0  stm32f1xx_hal_gpio.o(i.HAL_GPIO_Init)
    i.HAL_GetTick                            0x080020ec   Section        0  stm32f1xx_hal.o(i.HAL_GetTick)
    i.HAL_I2C_Init                           0x080020f8   Section        0  stm32f1xx_hal_i2c.o(i.HAL_I2C_Init)
    i.HAL_I2C_Master_Transmit                0x08002280   Section        0  stm32f1xx_hal_i2c.o(i.HAL_I2C_Master_Transmit)
    i.HAL_I2C_MspInit                        0x080023ac   Section        0  stm32f1xx_hal_msp.o(i.HAL_I2C_MspInit)
    i.HAL_IncTick                            0x08002408   Section        0  stm32f1xx_hal.o(i.HAL_IncTick)
    i.HAL_Init                               0x08002418   Section        0  stm32f1xx_hal.o(i.HAL_Init)
    i.HAL_InitTick                           0x0800243c   Section        0  stm32f1xx_hal.o(i.HAL_InitTick)
    i.HAL_MspInit                            0x0800247c   Section        0  stm32f1xx_hal_msp.o(i.HAL_MspInit)
    i.HAL_NVIC_SetPriority                   0x080024b8   Section        0  stm32f1xx_hal_cortex.o(i.HAL_NVIC_SetPriority)
    i.HAL_NVIC_SetPriorityGrouping           0x080024f8   Section        0  stm32f1xx_hal_cortex.o(i.HAL_NVIC_SetPriorityGrouping)
    i.HAL_RCC_ClockConfig                    0x0800251c   Section        0  stm32f1xx_hal_rcc.o(i.HAL_RCC_ClockConfig)
    i.HAL_RCC_GetPCLK1Freq                   0x08002648   Section        0  stm32f1xx_hal_rcc.o(i.HAL_RCC_GetPCLK1Freq)
    i.HAL_RCC_GetSysClockFreq                0x08002668   Section        0  stm32f1xx_hal_rcc.o(i.HAL_RCC_GetSysClockFreq)
    i.HAL_RCC_OscConfig                      0x080026b4   Section        0  stm32f1xx_hal_rcc.o(i.HAL_RCC_OscConfig)
    i.HAL_SYSTICK_Config                     0x080029d4   Section        0  stm32f1xx_hal_cortex.o(i.HAL_SYSTICK_Config)
    i.HardFault_Handler                      0x080029fc   Section        0  stm32f1xx_it.o(i.HardFault_Handler)
    i.I2C_IsAcknowledgeFailed                0x080029fe   Section        0  stm32f1xx_hal_i2c.o(i.I2C_IsAcknowledgeFailed)
    I2C_IsAcknowledgeFailed                  0x080029ff   Thumb Code    46  stm32f1xx_hal_i2c.o(i.I2C_IsAcknowledgeFailed)
    i.I2C_MasterRequestWrite                 0x08002a2c   Section        0  stm32f1xx_hal_i2c.o(i.I2C_MasterRequestWrite)
    I2C_MasterRequestWrite                   0x08002a2d   Thumb Code   150  stm32f1xx_hal_i2c.o(i.I2C_MasterRequestWrite)
    i.I2C_WaitOnBTFFlagUntilTimeout          0x08002ac8   Section        0  stm32f1xx_hal_i2c.o(i.I2C_WaitOnBTFFlagUntilTimeout)
    I2C_WaitOnBTFFlagUntilTimeout            0x08002ac9   Thumb Code    86  stm32f1xx_hal_i2c.o(i.I2C_WaitOnBTFFlagUntilTimeout)
    i.I2C_WaitOnFlagUntilTimeout             0x08002b20   Section        0  stm32f1xx_hal_i2c.o(i.I2C_WaitOnFlagUntilTimeout)
    I2C_WaitOnFlagUntilTimeout               0x08002b21   Thumb Code   144  stm32f1xx_hal_i2c.o(i.I2C_WaitOnFlagUntilTimeout)
    i.I2C_WaitOnMasterAddressFlagUntilTimeout 0x08002bb0   Section        0  stm32f1xx_hal_i2c.o(i.I2C_WaitOnMasterAddressFlagUntilTimeout)
    I2C_WaitOnMasterAddressFlagUntilTimeout  0x08002bb1   Thumb Code   188  stm32f1xx_hal_i2c.o(i.I2C_WaitOnMasterAddressFlagUntilTimeout)
    i.I2C_WaitOnTXEFlagUntilTimeout          0x08002c6c   Section        0  stm32f1xx_hal_i2c.o(i.I2C_WaitOnTXEFlagUntilTimeout)
    I2C_WaitOnTXEFlagUntilTimeout            0x08002c6d   Thumb Code    86  stm32f1xx_hal_i2c.o(i.I2C_WaitOnTXEFlagUntilTimeout)
    i.MemManage_Handler                      0x08002cc2   Section        0  stm32f1xx_it.o(i.MemManage_Handler)
    i.NMI_Handler                            0x08002cc4   Section        0  stm32f1xx_it.o(i.NMI_Handler)
    i.PendSV_Handler                         0x08002cc6   Section        0  stm32f1xx_it.o(i.PendSV_Handler)
    i.SVC_Handler                            0x08002cc8   Section        0  stm32f1xx_it.o(i.SVC_Handler)
    i.SysTick_Handler                        0x08002cca   Section        0  stm32f1xx_it.o(i.SysTick_Handler)
    i.SystemClock_Config                     0x08002cce   Section        0  main.o(i.SystemClock_Config)
    i.SystemInit                             0x08002d1e   Section        0  system_stm32f1xx.o(i.SystemInit)
    i.UsageFault_Handler                     0x08002d20   Section        0  stm32f1xx_it.o(i.UsageFault_Handler)
    i.__NVIC_SetPriority                     0x08002d22   Section        0  stm32f1xx_hal_cortex.o(i.__NVIC_SetPriority)
    __NVIC_SetPriority                       0x08002d23   Thumb Code    32  stm32f1xx_hal_cortex.o(i.__NVIC_SetPriority)
    i.main                                   0x08002d44   Section        0  main.o(i.main)
    i.port_byte                              0x08002de0   Section        0  u8g2_ssd1306_hal.o(i.port_byte)
    i.u8g2_init_ssd1306_i2c                  0x08002e54   Section        0  u8g2_ssd1306_hal.o(i.u8g2_init_ssd1306_i2c)
    x$fpl$fpinit                             0x08002ea4   Section       14  fpinit.o(x$fpl$fpinit)
    .constdata                               0x08002eb2   Section       18  stm32f1xx_hal_rcc.o(.constdata)
    aPredivFactorTable                       0x08002eb2   Data           2  stm32f1xx_hal_rcc.o(.constdata)
    aPLLMULFactorTable                       0x08002eb4   Data          16  stm32f1xx_hal_rcc.o(.constdata)
    .constdata                               0x08002ec4   Section       16  system_stm32f1xx.o(.constdata)
    .constdata                               0x08002ed4   Section        8  system_stm32f1xx.o(.constdata)
    [Anonymous Symbol]                       0x08002edc   Section        0  u8g2_setup.c.obj(.rodata.u8g2_cb_r0)
    [Anonymous Symbol]                       0x08002ee8   Section        0  u8g2_fonts.c.obj(.rodata.u8g2_font_boutique_bitmap_9x9_bold_t_chinese1)
    [Anonymous Symbol]                       0x08004d10   Section        0  u8x8_d_ssd1306_128x64_noname.c.obj(.rodata.u8x8_d_ssd1306_128x64_noname_flip0_seq)
    u8x8_d_ssd1306_128x64_noname_flip0_seq   0x08004d10   Data           7  u8x8_d_ssd1306_128x64_noname.c.obj(.rodata.u8x8_d_ssd1306_128x64_noname_flip0_seq)
    [Anonymous Symbol]                       0x08004d18   Section        0  u8x8_d_ssd1306_128x64_noname.c.obj(.rodata.u8x8_d_ssd1306_128x64_noname_flip1_seq)
    u8x8_d_ssd1306_128x64_noname_flip1_seq   0x08004d18   Data           7  u8x8_d_ssd1306_128x64_noname.c.obj(.rodata.u8x8_d_ssd1306_128x64_noname_flip1_seq)
    [Anonymous Symbol]                       0x08004d20   Section        0  u8x8_d_ssd1306_128x64_noname.c.obj(.rodata.u8x8_d_ssd1306_128x64_noname_init_seq)
    u8x8_d_ssd1306_128x64_noname_init_seq    0x08004d20   Data          53  u8x8_d_ssd1306_128x64_noname.c.obj(.rodata.u8x8_d_ssd1306_128x64_noname_init_seq)
    [Anonymous Symbol]                       0x08004d58   Section        0  u8x8_d_ssd1306_128x64_noname.c.obj(.rodata.u8x8_d_ssd1306_128x64_noname_powersave0_seq)
    u8x8_d_ssd1306_128x64_noname_powersave0_seq 0x08004d58   Data           5  u8x8_d_ssd1306_128x64_noname.c.obj(.rodata.u8x8_d_ssd1306_128x64_noname_powersave0_seq)
    [Anonymous Symbol]                       0x08004d60   Section        0  u8x8_d_ssd1306_128x64_noname.c.obj(.rodata.u8x8_d_ssd1306_128x64_noname_powersave1_seq)
    u8x8_d_ssd1306_128x64_noname_powersave1_seq 0x08004d60   Data           5  u8x8_d_ssd1306_128x64_noname.c.obj(.rodata.u8x8_d_ssd1306_128x64_noname_powersave1_seq)
    [Anonymous Symbol]                       0x08004d68   Section        0  u8x8_d_ssd1306_128x64_noname.c.obj(.rodata.u8x8_ssd1306_128x64_noname_display_info)
    u8x8_ssd1306_128x64_noname_display_info  0x08004d68   Data          24  u8x8_d_ssd1306_128x64_noname.c.obj(.rodata.u8x8_ssd1306_128x64_noname_display_info)
    .data                                    0x20000000   Section        8  u8g2_ssd1306_hal.o(.data)
    datalen                                  0x20000000   Data           1  u8g2_ssd1306_hal.o(.data)
    .data                                    0x20000008   Section       12  stm32f1xx_hal.o(.data)
    .data                                    0x20000014   Section        4  system_stm32f1xx.o(.data)
    .bss                                     0x20000018   Section       84  main.o(.bss)
    .bss                                     0x2000006c   Section      256  u8g2_ssd1306_hal.o(.bss)
    .bss                                     0x2000016c   Section       96  libspace.o(.bss)
    [Anonymous Symbol]                       0x200001cc   Section        0  u8g2_d_memory.c.obj(.bss.buf.0)
    buf.0                                    0x200001cc   Data        1024  u8g2_d_memory.c.obj(.bss.buf.0)
    [Anonymous Symbol]                       0x200005cc   Section        0  u8x8_cad.c.obj(.bss.in_transfer.5)
    in_transfer.5                            0x200005cc   Data           1  u8x8_cad.c.obj(.bss.in_transfer.5)
    HEAP                                     0x200005d0   Section      512  startup_stm32f103xb.o(HEAP)
    Heap_Mem                                 0x200005d0   Data         512  startup_stm32f103xb.o(HEAP)
    STACK                                    0x200007d0   Section     1024  startup_stm32f103xb.o(STACK)
    Stack_Mem                                0x200007d0   Data        1024  startup_stm32f103xb.o(STACK)
    __initial_sp                             0x20000bd0   Data           0  startup_stm32f103xb.o(STACK)

    Global Symbols

    Symbol Name                              Value     Ov Type        Size  Object(Section)

    BuildAttributes$$THM_ISAv4$P$D$K$B$S$PE$A:L22UL41UL21$X:L11$S22US41US21$IEEE1$IW$USESV6$~STKCKD$USESV7$~SHL$OSPACE$ROPI$IEEEX$EBA8$UX$STANDARDLIB$REQ8$PRES8$EABIv2 0x00000000   Number         0  anon$$obj.o ABSOLUTE
    __ARM_use_no_argv                        0x00000000   Number         0  main.o ABSOLUTE
    __ARM_exceptions_init                     - Undefined Weak Reference
    __alloca_initialize                       - Undefined Weak Reference
    __arm_fini_                               - Undefined Weak Reference
    __arm_preinit_                            - Undefined Weak Reference
    __cpp_initialize__aeabi_                  - Undefined Weak Reference
    __cxa_finalize                            - Undefined Weak Reference
    __rt_locale                               - Undefined Weak Reference
    __sigvec_lookup                           - Undefined Weak Reference
    _atexit_init                              - Undefined Weak Reference
    _call_atexit_fns                          - Undefined Weak Reference
    _clock_init                               - Undefined Weak Reference
    _fp_trap_init                             - Undefined Weak Reference
    _fp_trap_shutdown                         - Undefined Weak Reference
    _get_lc_collate                           - Undefined Weak Reference
    _get_lc_ctype                             - Undefined Weak Reference
    _get_lc_monetary                          - Undefined Weak Reference
    _get_lc_numeric                           - Undefined Weak Reference
    _get_lc_time                              - Undefined Weak Reference
    _getenv_init                              - Undefined Weak Reference
    _handle_redirection                       - Undefined Weak Reference
    _init_alloc                               - Undefined Weak Reference
    _init_user_alloc                          - Undefined Weak Reference
    _initio                                   - Undefined Weak Reference
    _rand_init                                - Undefined Weak Reference
    _signal_finish                            - Undefined Weak Reference
    _signal_init                              - Undefined Weak Reference
    _terminate_alloc                          - Undefined Weak Reference
    _terminate_user_alloc                     - Undefined Weak Reference
    _terminateio                              - Undefined Weak Reference
    __Vectors_Size                           0x000000ec   Number         0  startup_stm32f103xb.o ABSOLUTE
    __Vectors                                0x08000000   Data           4  startup_stm32f103xb.o(RESET)
    __Vectors_End                            0x080000ec   Data           0  startup_stm32f103xb.o(RESET)
    __main                                   0x080000ed   Thumb Code     8  __main.o(!!!main)
    __scatterload                            0x080000f5   Thumb Code     0  __scatter.o(!!!scatter)
    __scatterload_rt2                        0x080000f5   Thumb Code    44  __scatter.o(!!!scatter)
    __scatterload_rt2_thumb_only             0x080000f5   Thumb Code     0  __scatter.o(!!!scatter)
    __scatterload_null                       0x08000103   Thumb Code     0  __scatter.o(!!!scatter)
    __scatterload_copy                       0x08000129   Thumb Code    26  __scatter_copy.o(!!handler_copy)
    __scatterload_zeroinit                   0x08000145   Thumb Code    28  __scatter_zi.o(!!handler_zi)
    __rt_lib_init                            0x08000161   Thumb Code     0  libinit.o(.ARM.Collect$$libinit$$00000000)
    __rt_lib_init_fp_1                       0x08000163   Thumb Code     0  libinit2.o(.ARM.Collect$$libinit$$00000001)
    __rt_lib_init_alloca_1                   0x08000167   Thumb Code     0  libinit2.o(.ARM.Collect$$libinit$$0000002E)
    __rt_lib_init_argv_1                     0x08000167   Thumb Code     0  libinit2.o(.ARM.Collect$$libinit$$0000002C)
    __rt_lib_init_atexit_1                   0x08000167   Thumb Code     0  libinit2.o(.ARM.Collect$$libinit$$0000001B)
    __rt_lib_init_clock_1                    0x08000167   Thumb Code     0  libinit2.o(.ARM.Collect$$libinit$$00000021)
    __rt_lib_init_cpp_1                      0x08000167   Thumb Code     0  libinit2.o(.ARM.Collect$$libinit$$00000032)
    __rt_lib_init_exceptions_1               0x08000167   Thumb Code     0  libinit2.o(.ARM.Collect$$libinit$$00000030)
    __rt_lib_init_fp_trap_1                  0x08000167   Thumb Code     0  libinit2.o(.ARM.Collect$$libinit$$0000001F)
    __rt_lib_init_getenv_1                   0x08000167   Thumb Code     0  libinit2.o(.ARM.Collect$$libinit$$00000023)
    __rt_lib_init_heap_1                     0x08000167   Thumb Code     0  libinit2.o(.ARM.Collect$$libinit$$0000000A)
    __rt_lib_init_lc_collate_1               0x08000167   Thumb Code     0  libinit2.o(.ARM.Collect$$libinit$$00000011)
    __rt_lib_init_lc_ctype_1                 0x08000167   Thumb Code     0  libinit2.o(.ARM.Collect$$libinit$$00000013)
    __rt_lib_init_lc_monetary_1              0x08000167   Thumb Code     0  libinit2.o(.ARM.Collect$$libinit$$00000015)
    __rt_lib_init_lc_numeric_1               0x08000167   Thumb Code     0  libinit2.o(.ARM.Collect$$libinit$$00000017)
    __rt_lib_init_lc_time_1                  0x08000167   Thumb Code     0  libinit2.o(.ARM.Collect$$libinit$$00000019)
    __rt_lib_init_preinit_1                  0x08000167   Thumb Code     0  libinit2.o(.ARM.Collect$$libinit$$00000004)
    __rt_lib_init_rand_1                     0x08000167   Thumb Code     0  libinit2.o(.ARM.Collect$$libinit$$0000000E)
    __rt_lib_init_return                     0x08000167   Thumb Code     0  libinit2.o(.ARM.Collect$$libinit$$00000033)
    __rt_lib_init_signal_1                   0x08000167   Thumb Code     0  libinit2.o(.ARM.Collect$$libinit$$0000001D)
    __rt_lib_init_stdio_1                    0x08000167   Thumb Code     0  libinit2.o(.ARM.Collect$$libinit$$00000025)
    __rt_lib_init_user_alloc_1               0x08000167   Thumb Code     0  libinit2.o(.ARM.Collect$$libinit$$0000000C)
    __rt_lib_shutdown                        0x08000169   Thumb Code     0  libshutdown.o(.ARM.Collect$$libshutdown$$00000000)
    __rt_lib_shutdown_cpp_1                  0x0800016b   Thumb Code     0  libshutdown2.o(.ARM.Collect$$libshutdown$$00000004)
    __rt_lib_shutdown_fini_1                 0x0800016b   Thumb Code     0  libshutdown2.o(.ARM.Collect$$libshutdown$$00000002)
    __rt_lib_shutdown_fp_trap_1              0x0800016b   Thumb Code     0  libshutdown2.o(.ARM.Collect$$libshutdown$$00000009)
    __rt_lib_shutdown_heap_1                 0x0800016b   Thumb Code     0  libshutdown2.o(.ARM.Collect$$libshutdown$$00000011)
    __rt_lib_shutdown_return                 0x0800016b   Thumb Code     0  libshutdown2.o(.ARM.Collect$$libshutdown$$00000012)
    __rt_lib_shutdown_signal_1               0x0800016b   Thumb Code     0  libshutdown2.o(.ARM.Collect$$libshutdown$$0000000C)
    __rt_lib_shutdown_stdio_1                0x0800016b   Thumb Code     0  libshutdown2.o(.ARM.Collect$$libshutdown$$00000006)
    __rt_lib_shutdown_user_alloc_1           0x0800016b   Thumb Code     0  libshutdown2.o(.ARM.Collect$$libshutdown$$0000000E)
    __rt_entry                               0x0800016d   Thumb Code     0  __rtentry.o(.ARM.Collect$$rtentry$$00000000)
    __rt_entry_presh_1                       0x0800016d   Thumb Code     0  __rtentry2.o(.ARM.Collect$$rtentry$$00000002)
    __rt_entry_sh                            0x0800016d   Thumb Code     0  __rtentry4.o(.ARM.Collect$$rtentry$$00000004)
    __rt_entry_li                            0x08000173   Thumb Code     0  __rtentry2.o(.ARM.Collect$$rtentry$$0000000A)
    __rt_entry_postsh_1                      0x08000173   Thumb Code     0  __rtentry2.o(.ARM.Collect$$rtentry$$00000009)
    __rt_entry_main                          0x08000177   Thumb Code     0  __rtentry2.o(.ARM.Collect$$rtentry$$0000000D)
    __rt_entry_postli_1                      0x08000177   Thumb Code     0  __rtentry2.o(.ARM.Collect$$rtentry$$0000000C)
    __rt_exit                                0x0800017f   Thumb Code     0  rtexit.o(.ARM.Collect$$rtexit$$00000000)
    __rt_exit_ls                             0x08000181   Thumb Code     0  rtexit2.o(.ARM.Collect$$rtexit$$00000003)
    __rt_exit_prels_1                        0x08000181   Thumb Code     0  rtexit2.o(.ARM.Collect$$rtexit$$00000002)
    __rt_exit_exit                           0x08000185   Thumb Code     0  rtexit2.o(.ARM.Collect$$rtexit$$00000004)
    Reset_Handler                            0x0800018d   Thumb Code     8  startup_stm32f103xb.o(.text)
    ADC1_2_IRQHandler                        0x080001a7   Thumb Code     0  startup_stm32f103xb.o(.text)
    CAN1_RX1_IRQHandler                      0x080001a7   Thumb Code     0  startup_stm32f103xb.o(.text)
    CAN1_SCE_IRQHandler                      0x080001a7   Thumb Code     0  startup_stm32f103xb.o(.text)
    DMA1_Channel1_IRQHandler                 0x080001a7   Thumb Code     0  startup_stm32f103xb.o(.text)
    DMA1_Channel2_IRQHandler                 0x080001a7   Thumb Code     0  startup_stm32f103xb.o(.text)
    DMA1_Channel3_IRQHandler                 0x080001a7   Thumb Code     0  startup_stm32f103xb.o(.text)
    DMA1_Channel4_IRQHandler                 0x080001a7   Thumb Code     0  startup_stm32f103xb.o(.text)
    DMA1_Channel5_IRQHandler                 0x080001a7   Thumb Code     0  startup_stm32f103xb.o(.text)
    DMA1_Channel6_IRQHandler                 0x080001a7   Thumb Code     0  startup_stm32f103xb.o(.text)
    DMA1_Channel7_IRQHandler                 0x080001a7   Thumb Code     0  startup_stm32f103xb.o(.text)
    EXTI0_IRQHandler                         0x080001a7   Thumb Code     0  startup_stm32f103xb.o(.text)
    EXTI15_10_IRQHandler                     0x080001a7   Thumb Code     0  startup_stm32f103xb.o(.text)
    EXTI1_IRQHandler                         0x080001a7   Thumb Code     0  startup_stm32f103xb.o(.text)
    EXTI2_IRQHandler                         0x080001a7   Thumb Code     0  startup_stm32f103xb.o(.text)
    EXTI3_IRQHandler                         0x080001a7   Thumb Code     0  startup_stm32f103xb.o(.text)
    EXTI4_IRQHandler                         0x080001a7   Thumb Code     0  startup_stm32f103xb.o(.text)
    EXTI9_5_IRQHandler                       0x080001a7   Thumb Code     0  startup_stm32f103xb.o(.text)
    FLASH_IRQHandler                         0x080001a7   Thumb Code     0  startup_stm32f103xb.o(.text)
    I2C1_ER_IRQHandler                       0x080001a7   Thumb Code     0  startup_stm32f103xb.o(.text)
    I2C1_EV_IRQHandler                       0x080001a7   Thumb Code     0  startup_stm32f103xb.o(.text)
    I2C2_ER_IRQHandler                       0x080001a7   Thumb Code     0  startup_stm32f103xb.o(.text)
    I2C2_EV_IRQHandler                       0x080001a7   Thumb Code     0  startup_stm32f103xb.o(.text)
    PVD_IRQHandler                           0x080001a7   Thumb Code     0  startup_stm32f103xb.o(.text)
    RCC_IRQHandler                           0x080001a7   Thumb Code     0  startup_stm32f103xb.o(.text)
    RTC_Alarm_IRQHandler                     0x080001a7   Thumb Code     0  startup_stm32f103xb.o(.text)
    RTC_IRQHandler                           0x080001a7   Thumb Code     0  startup_stm32f103xb.o(.text)
    SPI1_IRQHandler                          0x080001a7   Thumb Code     0  startup_stm32f103xb.o(.text)
    SPI2_IRQHandler                          0x080001a7   Thumb Code     0  startup_stm32f103xb.o(.text)
    TAMPER_IRQHandler                        0x080001a7   Thumb Code     0  startup_stm32f103xb.o(.text)
    TIM1_BRK_IRQHandler                      0x080001a7   Thumb Code     0  startup_stm32f103xb.o(.text)
    TIM1_CC_IRQHandler                       0x080001a7   Thumb Code     0  startup_stm32f103xb.o(.text)
    TIM1_TRG_COM_IRQHandler                  0x080001a7   Thumb Code     0  startup_stm32f103xb.o(.text)
    TIM1_UP_IRQHandler                       0x080001a7   Thumb Code     0  startup_stm32f103xb.o(.text)
    TIM2_IRQHandler                          0x080001a7   Thumb Code     0  startup_stm32f103xb.o(.text)
    TIM3_IRQHandler                          0x080001a7   Thumb Code     0  startup_stm32f103xb.o(.text)
    TIM4_IRQHandler                          0x080001a7   Thumb Code     0  startup_stm32f103xb.o(.text)
    USART1_IRQHandler                        0x080001a7   Thumb Code     0  startup_stm32f103xb.o(.text)
    USART2_IRQHandler                        0x080001a7   Thumb Code     0  startup_stm32f103xb.o(.text)
    USART3_IRQHandler                        0x080001a7   Thumb Code     0  startup_stm32f103xb.o(.text)
    USBWakeUp_IRQHandler                     0x080001a7   Thumb Code     0  startup_stm32f103xb.o(.text)
    USB_HP_CAN1_TX_IRQHandler                0x080001a7   Thumb Code     0  startup_stm32f103xb.o(.text)
    USB_LP_CAN1_RX0_IRQHandler               0x080001a7   Thumb Code     0  startup_stm32f103xb.o(.text)
    WWDG_IRQHandler                          0x080001a7   Thumb Code     0  startup_stm32f103xb.o(.text)
    __user_initial_stackheap                 0x080001a9   Thumb Code     0  startup_stm32f103xb.o(.text)
    memset                                   0x080001cd   Thumb Code    22  memset.o(.text)
    __aeabi_memclr4                          0x080001e3   Thumb Code     0  rt_memclr_w.o(.text)
    __aeabi_memclr8                          0x080001e3   Thumb Code     0  rt_memclr_w.o(.text)
    __rt_memclr_w                            0x080001e3   Thumb Code    78  rt_memclr_w.o(.text)
    _memset_w                                0x080001e7   Thumb Code     0  rt_memclr_w.o(.text)
    __use_two_region_memory                  0x08000231   Thumb Code     2  heapauxi.o(.text)
    __rt_heap_escrow$2region                 0x08000233   Thumb Code     2  heapauxi.o(.text)
    __rt_heap_expand$2region                 0x08000235   Thumb Code     2  heapauxi.o(.text)
    __aeabi_memclr                           0x08000237   Thumb Code     0  rt_memclr.o(.text)
    __rt_memclr                              0x08000237   Thumb Code    68  rt_memclr.o(.text)
    _memset                                  0x0800023b   Thumb Code     0  rt_memclr.o(.text)
    __user_setup_stackheap                   0x0800027b   Thumb Code    74  sys_stackheap_outer.o(.text)
    exit                                     0x080002c5   Thumb Code    18  exit.o(.text)
    __user_libspace                          0x080002d9   Thumb Code     8  libspace.o(.text)
    __user_perproc_libspace                  0x080002d9   Thumb Code     0  libspace.o(.text)
    __user_perthread_libspace                0x080002d9   Thumb Code     0  libspace.o(.text)
    _sys_exit                                0x080002e1   Thumb Code     8  sys_exit.o(.text)
    __rt_fp_status_addr                      0x080002ed   Thumb Code     8  rt_fp_status_addr_intlibspace.o(.text)
    __I$use$semihosting                      0x080002f5   Thumb Code     0  use_no_semi.o(.text)
    __use_no_semihosting_swi                 0x080002f5   Thumb Code     2  use_no_semi.o(.text)
    __semihosting_library_function           0x080002f7   Thumb Code     0  indicate_semi.o(.text)
    u8g2_ClearBuffer                         0x080002f7   Thumb Code    60  u8g2_buffer.c.obj(.text.u8g2_ClearBuffer)
    u8g2_DrawGlyph                           0x08000335   Thumb Code   162  u8g2_font.c.obj(.text.u8g2_DrawGlyph)
    u8g2_DrawHVLine                          0x080003d9   Thumb Code   278  u8g2_hvline.c.obj(.text.u8g2_DrawHVLine)
    u8g2_DrawStr                             0x080004f1   Thumb Code    52  u8g2_font.c.obj(.text.u8g2_DrawStr)
    u8g2_DrawUTF8                            0x08000525   Thumb Code    52  u8g2_font.c.obj(.text.u8g2_DrawUTF8)
    u8g2_IsIntersection                      0x08000559   Thumb Code    86  u8g2_intersection.c.obj(.text.u8g2_IsIntersection)
    u8g2_SendBuffer                          0x080005af   Thumb Code    28  u8g2_buffer.c.obj(.text.u8g2_SendBuffer)
    u8g2_SetFont                             0x080005cb   Thumb Code    52  u8g2_font.c.obj(.text.u8g2_SetFont)
    u8g2_SetFontPosBaseline                  0x08000601   Thumb Code    28  u8g2_font.c.obj(.text.u8g2_SetFontPosBaseline)
    u8g2_SetMaxClipWindow                    0x0800061d   Thumb Code    62  u8g2_setup.c.obj(.text.u8g2_SetMaxClipWindow)
    u8g2_SetupBuffer                         0x0800065b   Thumb Code   134  u8g2_setup.c.obj(.text.u8g2_SetupBuffer)
    u8g2_Setup_ssd1306_i2c_128x64_noname_f   0x080006e1   Thumb Code    80  u8g2_d_setup.c.obj(.text.u8g2_Setup_ssd1306_i2c_128x64_noname_f)
    u8g2_UpdateRefHeight                     0x08000731   Thumb Code   214  u8g2_font.c.obj(.text.u8g2_UpdateRefHeight)
    u8g2_add_vector_x                        0x08000807   Thumb Code   118  u8g2_font.c.obj(.text.u8g2_add_vector_x)
    u8g2_add_vector_y                        0x0800087d   Thumb Code   118  u8g2_font.c.obj(.text.u8g2_add_vector_y)
    u8g2_draw_hv_line_2dir                   0x08000a47   Thumb Code    66  u8g2_hvline.c.obj(.text.u8g2_draw_hv_line_2dir)
    u8g2_draw_l90_r0                         0x08000a89   Thumb Code    52  u8g2_setup.c.obj(.text.u8g2_draw_l90_r0)
    u8g2_font_calc_vref_font                 0x08000b75   Thumb Code    20  u8g2_font.c.obj(.text.u8g2_font_calc_vref_font)
    u8g2_font_decode_get_signed_bits         0x08000b89   Thumb Code    70  u8g2_font.c.obj(.text.u8g2_font_decode_get_signed_bits)
    u8g2_font_decode_get_unsigned_bits       0x08000bcf   Thumb Code   148  u8g2_font.c.obj(.text.u8g2_font_decode_get_unsigned_bits)
    u8g2_font_decode_glyph                   0x08000c65   Thumb Code   540  u8g2_font.c.obj(.text.u8g2_font_decode_glyph)
    u8g2_font_decode_len                     0x08000e81   Thumb Code   272  u8g2_font.c.obj(.text.u8g2_font_decode_len)
    u8g2_font_get_glyph_data                 0x08001009   Thumb Code   256  u8g2_font.c.obj(.text.u8g2_font_get_glyph_data)
    u8g2_is_intersection_decision_tree       0x080011b5   Thumb Code   102  u8g2_intersection.c.obj(.text.u8g2_is_intersection_decision_tree)
    u8g2_ll_hvline_vertical_top_lsb          0x0800121b   Thumb Code   318  u8g2_ll_hvline.c.obj(.text.u8g2_ll_hvline_vertical_top_lsb)
    u8g2_m_16_8_f                            0x08001359   Thumb Code    32  u8g2_d_memory.c.obj(.text.u8g2_m_16_8_f)
    u8g2_read_font_info                      0x08001379   Thumb Code   338  u8g2_font.c.obj(.text.u8g2_read_font_info)
    u8g2_update_dimension_r0                 0x08001633   Thumb Code    22  u8g2_setup.c.obj(.text.u8g2_update_dimension_r0)
    u8g2_update_page_win_r0                  0x08001649   Thumb Code    66  u8g2_setup.c.obj(.text.u8g2_update_page_win_r0)
    u8x8_DrawTile                            0x0800168b   Thumb Code    68  u8x8_display.c.obj(.text.u8x8_DrawTile)
    u8x8_InitDisplay                         0x080016cf   Thumb Code    30  u8x8_display.c.obj(.text.u8x8_InitDisplay)
    u8x8_RefreshDisplay                      0x080016ed   Thumb Code    30  u8x8_display.c.obj(.text.u8x8_RefreshDisplay)
    u8x8_SetPowerSave                        0x0800170b   Thumb Code    34  u8x8_display.c.obj(.text.u8x8_SetPowerSave)
    u8x8_Setup                               0x0800172d   Thumb Code    58  u8x8_setup.c.obj(.text.u8x8_Setup)
    u8x8_SetupDefaults                       0x08001769   Thumb Code    92  u8x8_setup.c.obj(.text.u8x8_SetupDefaults)
    u8x8_SetupMemory                         0x080017c5   Thumb Code    30  u8x8_display.c.obj(.text.u8x8_SetupMemory)
    u8x8_ascii_next                          0x080017e3   Thumb Code    44  u8x8_8x8.c.obj(.text.u8x8_ascii_next)
    u8x8_byte_EndTransfer                    0x0800180f   Thumb Code    32  u8x8_byte.c.obj(.text.u8x8_byte_EndTransfer)
    u8x8_byte_SendByte                       0x0800182f   Thumb Code    34  u8x8_byte.c.obj(.text.u8x8_byte_SendByte)
    u8x8_byte_SendBytes                      0x08001851   Thumb Code    38  u8x8_byte.c.obj(.text.u8x8_byte_SendBytes)
    u8x8_byte_StartTransfer                  0x08001877   Thumb Code    32  u8x8_byte.c.obj(.text.u8x8_byte_StartTransfer)
    u8x8_cad_EndTransfer                     0x08001897   Thumb Code    32  u8x8_cad.c.obj(.text.u8x8_cad_EndTransfer)
    u8x8_cad_SendArg                         0x080018b7   Thumb Code    36  u8x8_cad.c.obj(.text.u8x8_cad_SendArg)
    u8x8_cad_SendCmd                         0x080018db   Thumb Code    36  u8x8_cad.c.obj(.text.u8x8_cad_SendCmd)
    u8x8_cad_SendData                        0x080018ff   Thumb Code    38  u8x8_cad.c.obj(.text.u8x8_cad_SendData)
    u8x8_cad_SendSequence                    0x08001925   Thumb Code   164  u8x8_cad.c.obj(.text.u8x8_cad_SendSequence)
    u8x8_cad_StartTransfer                   0x080019c9   Thumb Code    32  u8x8_cad.c.obj(.text.u8x8_cad_StartTransfer)
    u8x8_cad_ssd13xx_fast_i2c                0x080019e9   Thumb Code   268  u8x8_cad.c.obj(.text.u8x8_cad_ssd13xx_fast_i2c)
    u8x8_d_helper_display_init               0x08001af5   Thumb Code   122  u8x8_display.c.obj(.text.u8x8_d_helper_display_init)
    u8x8_d_helper_display_setup_memory       0x08001b6f   Thumb Code    38  u8x8_display.c.obj(.text.u8x8_d_helper_display_setup_memory)
    u8x8_d_ssd1306_128x64_noname             0x08001b95   Thumb Code   100  u8x8_d_ssd1306_128x64_noname.c.obj(.text.u8x8_d_ssd1306_128x64_noname)
    u8x8_dummy_cb                            0x08001d49   Thumb Code    30  u8x8_setup.c.obj(.text.u8x8_dummy_cb)
    u8x8_gpio_call                           0x08001d67   Thumb Code    38  u8x8_gpio.c.obj(.text.u8x8_gpio_call)
    u8x8_utf8_init                           0x08001dc5   Thumb Code    26  u8x8_8x8.c.obj(.text.u8x8_utf8_init)
    u8x8_utf8_next                           0x08001ddf   Thumb Code   262  u8x8_8x8.c.obj(.text.u8x8_utf8_next)
    BusFault_Handler                         0x08001ee5   Thumb Code     2  stm32f1xx_it.o(i.BusFault_Handler)
    DebugMon_Handler                         0x08001ee7   Thumb Code     2  stm32f1xx_it.o(i.DebugMon_Handler)
    HAL_Delay                                0x08001ee9   Thumb Code    32  stm32f1xx_hal.o(i.HAL_Delay)
    HAL_GPIO_Init                            0x08001f0d   Thumb Code   446  stm32f1xx_hal_gpio.o(i.HAL_GPIO_Init)
    HAL_GetTick                              0x080020ed   Thumb Code     6  stm32f1xx_hal.o(i.HAL_GetTick)
    HAL_I2C_Init                             0x080020f9   Thumb Code   376  stm32f1xx_hal_i2c.o(i.HAL_I2C_Init)
    HAL_I2C_Master_Transmit                  0x08002281   Thumb Code   290  stm32f1xx_hal_i2c.o(i.HAL_I2C_Master_Transmit)
    HAL_I2C_MspInit                          0x080023ad   Thumb Code    80  stm32f1xx_hal_msp.o(i.HAL_I2C_MspInit)
    HAL_IncTick                              0x08002409   Thumb Code    12  stm32f1xx_hal.o(i.HAL_IncTick)
    HAL_Init                                 0x08002419   Thumb Code    32  stm32f1xx_hal.o(i.HAL_Init)
    HAL_InitTick                             0x0800243d   Thumb Code    54  stm32f1xx_hal.o(i.HAL_InitTick)
    HAL_MspInit                              0x0800247d   Thumb Code    52  stm32f1xx_hal_msp.o(i.HAL_MspInit)
    HAL_NVIC_SetPriority                     0x080024b9   Thumb Code    60  stm32f1xx_hal_cortex.o(i.HAL_NVIC_SetPriority)
    HAL_NVIC_SetPriorityGrouping             0x080024f9   Thumb Code    26  stm32f1xx_hal_cortex.o(i.HAL_NVIC_SetPriorityGrouping)
    HAL_RCC_ClockConfig                      0x0800251d   Thumb Code   280  stm32f1xx_hal_rcc.o(i.HAL_RCC_ClockConfig)
    HAL_RCC_GetPCLK1Freq                     0x08002649   Thumb Code    20  stm32f1xx_hal_rcc.o(i.HAL_RCC_GetPCLK1Freq)
    HAL_RCC_GetSysClockFreq                  0x08002669   Thumb Code    58  stm32f1xx_hal_rcc.o(i.HAL_RCC_GetSysClockFreq)
    HAL_RCC_OscConfig                        0x080026b5   Thumb Code   778  stm32f1xx_hal_rcc.o(i.HAL_RCC_OscConfig)
    HAL_SYSTICK_Config                       0x080029d5   Thumb Code    40  stm32f1xx_hal_cortex.o(i.HAL_SYSTICK_Config)
    HardFault_Handler                        0x080029fd   Thumb Code     2  stm32f1xx_it.o(i.HardFault_Handler)
    MemManage_Handler                        0x08002cc3   Thumb Code     2  stm32f1xx_it.o(i.MemManage_Handler)
    NMI_Handler                              0x08002cc5   Thumb Code     2  stm32f1xx_it.o(i.NMI_Handler)
    PendSV_Handler                           0x08002cc7   Thumb Code     2  stm32f1xx_it.o(i.PendSV_Handler)
    SVC_Handler                              0x08002cc9   Thumb Code     2  stm32f1xx_it.o(i.SVC_Handler)
    SysTick_Handler                          0x08002ccb   Thumb Code     4  stm32f1xx_it.o(i.SysTick_Handler)
    SystemClock_Config                       0x08002ccf   Thumb Code    80  main.o(i.SystemClock_Config)
    SystemInit                               0x08002d1f   Thumb Code     2  system_stm32f1xx.o(i.SystemInit)
    UsageFault_Handler                       0x08002d21   Thumb Code     2  stm32f1xx_it.o(i.UsageFault_Handler)
    main                                     0x08002d45   Thumb Code   124  main.o(i.main)
    port_byte                                0x08002de1   Thumb Code   106  u8g2_ssd1306_hal.o(i.port_byte)
    u8g2_init_ssd1306_i2c                    0x08002e55   Thumb Code    58  u8g2_ssd1306_hal.o(i.u8g2_init_ssd1306_i2c)
    _fp_init                                 0x08002ea5   Thumb Code    14  fpinit.o(x$fpl$fpinit)
    __fplib_config_pureend_doubles           0x08002eb1   Thumb Code     0  fpinit.o(x$fpl$fpinit)
    AHBPrescTable                            0x08002ec4   Data          16  system_stm32f1xx.o(.constdata)
    APBPrescTable                            0x08002ed4   Data           8  system_stm32f1xx.o(.constdata)
    u8g2_cb_r0                               0x08002edc   Data          12  u8g2_setup.c.obj(.rodata.u8g2_cb_r0)
    u8g2_font_boutique_bitmap_9x9_bold_t_chinese1 0x08002ee8   Data        7720  u8g2_fonts.c.obj(.rodata.u8g2_font_boutique_bitmap_9x9_bold_t_chinese1)
    Region$$Table$$Base                      0x08004d80   Number         0  anon$$obj.o(Region$$Table)
    Region$$Table$$Limit                     0x08004da0   Number         0  anon$$obj.o(Region$$Table)
    hdevice                                  0x20000004   Data           4  u8g2_ssd1306_hal.o(.data)
    uwTickFreq                               0x20000008   Data           1  stm32f1xx_hal.o(.data)
    uwTickPrio                               0x2000000c   Data           4  stm32f1xx_hal.o(.data)
    uwTick                                   0x20000010   Data           4  stm32f1xx_hal.o(.data)
    SystemCoreClock                          0x20000014   Data           4  system_stm32f1xx.o(.data)
    hi2c1                                    0x20000018   Data          84  main.o(.bss)
    dma_buf                                  0x2000006c   Data         256  u8g2_ssd1306_hal.o(.bss)
    __libspace_start                         0x2000016c   Data          96  libspace.o(.bss)
    __temporary_stack_top$libspace           0x200001cc   Data           0  libspace.o(.bss)



==============================================================================

Memory Map of the image

  Image Entry point : 0x080000ed

  Load Region LR_IROM1 (Base: 0x08000000, Size: 0x00004db8, Max: 0x00010000, ABSOLUTE)

    Execution Region ER_IROM1 (Exec base: 0x08000000, Load base: 0x08000000, Size: 0x00004da0, Max: 0x00010000, ABSOLUTE)

    Exec Addr    Load Addr    Size         Type   Attr      Idx    E Section Name        Object

    0x08000000   0x08000000   0x000000ec   Data   RO            3    RESET               startup_stm32f103xb.o
    0x080000ec   0x080000ec   0x00000008   Code   RO         4319  * !!!main             c_w.l(__main.o)
    0x080000f4   0x080000f4   0x00000034   Code   RO         4484    !!!scatter          c_w.l(__scatter.o)
    0x08000128   0x08000128   0x0000001a   Code   RO         4486    !!handler_copy      c_w.l(__scatter_copy.o)
    0x08000142   0x08000142   0x00000002   PAD
    0x08000144   0x08000144   0x0000001c   Code   RO         4488    !!handler_zi        c_w.l(__scatter_zi.o)
    0x08000160   0x08000160   0x00000002   Code   RO         4348    .ARM.Collect$$libinit$$00000000  c_w.l(libinit.o)
    0x08000162   0x08000162   0x00000004   Code   RO         4354    .ARM.Collect$$libinit$$00000001  c_w.l(libinit2.o)
    0x08000166   0x08000166   0x00000000   Code   RO         4357    .ARM.Collect$$libinit$$00000004  c_w.l(libinit2.o)
    0x08000166   0x08000166   0x00000000   Code   RO         4360    .ARM.Collect$$libinit$$0000000A  c_w.l(libinit2.o)
    0x08000166   0x08000166   0x00000000   Code   RO         4362    .ARM.Collect$$libinit$$0000000C  c_w.l(libinit2.o)
    0x08000166   0x08000166   0x00000000   Code   RO         4364    .ARM.Collect$$libinit$$0000000E  c_w.l(libinit2.o)
    0x08000166   0x08000166   0x00000000   Code   RO         4367    .ARM.Collect$$libinit$$00000011  c_w.l(libinit2.o)
    0x08000166   0x08000166   0x00000000   Code   RO         4369    .ARM.Collect$$libinit$$00000013  c_w.l(libinit2.o)
    0x08000166   0x08000166   0x00000000   Code   RO         4371    .ARM.Collect$$libinit$$00000015  c_w.l(libinit2.o)
    0x08000166   0x08000166   0x00000000   Code   RO         4373    .ARM.Collect$$libinit$$00000017  c_w.l(libinit2.o)
    0x08000166   0x08000166   0x00000000   Code   RO         4375    .ARM.Collect$$libinit$$00000019  c_w.l(libinit2.o)
    0x08000166   0x08000166   0x00000000   Code   RO         4377    .ARM.Collect$$libinit$$0000001B  c_w.l(libinit2.o)
    0x08000166   0x08000166   0x00000000   Code   RO         4379    .ARM.Collect$$libinit$$0000001D  c_w.l(libinit2.o)
    0x08000166   0x08000166   0x00000000   Code   RO         4381    .ARM.Collect$$libinit$$0000001F  c_w.l(libinit2.o)
    0x08000166   0x08000166   0x00000000   Code   RO         4383    .ARM.Collect$$libinit$$00000021  c_w.l(libinit2.o)
    0x08000166   0x08000166   0x00000000   Code   RO         4385    .ARM.Collect$$libinit$$00000023  c_w.l(libinit2.o)
    0x08000166   0x08000166   0x00000000   Code   RO         4387    .ARM.Collect$$libinit$$00000025  c_w.l(libinit2.o)
    0x08000166   0x08000166   0x00000000   Code   RO         4391    .ARM.Collect$$libinit$$0000002C  c_w.l(libinit2.o)
    0x08000166   0x08000166   0x00000000   Code   RO         4393    .ARM.Collect$$libinit$$0000002E  c_w.l(libinit2.o)
    0x08000166   0x08000166   0x00000000   Code   RO         4395    .ARM.Collect$$libinit$$00000030  c_w.l(libinit2.o)
    0x08000166   0x08000166   0x00000000   Code   RO         4397    .ARM.Collect$$libinit$$00000032  c_w.l(libinit2.o)
    0x08000166   0x08000166   0x00000002   Code   RO         4398    .ARM.Collect$$libinit$$00000033  c_w.l(libinit2.o)
    0x08000168   0x08000168   0x00000002   Code   RO         4423    .ARM.Collect$$libshutdown$$00000000  c_w.l(libshutdown.o)
    0x0800016a   0x0800016a   0x00000000   Code   RO         4436    .ARM.Collect$$libshutdown$$00000002  c_w.l(libshutdown2.o)
    0x0800016a   0x0800016a   0x00000000   Code   RO         4438    .ARM.Collect$$libshutdown$$00000004  c_w.l(libshutdown2.o)
    0x0800016a   0x0800016a   0x00000000   Code   RO         4440    .ARM.Collect$$libshutdown$$00000006  c_w.l(libshutdown2.o)
    0x0800016a   0x0800016a   0x00000000   Code   RO         4443    .ARM.Collect$$libshutdown$$00000009  c_w.l(libshutdown2.o)
    0x0800016a   0x0800016a   0x00000000   Code   RO         4446    .ARM.Collect$$libshutdown$$0000000C  c_w.l(libshutdown2.o)
    0x0800016a   0x0800016a   0x00000000   Code   RO         4448    .ARM.Collect$$libshutdown$$0000000E  c_w.l(libshutdown2.o)
    0x0800016a   0x0800016a   0x00000000   Code   RO         4451    .ARM.Collect$$libshutdown$$00000011  c_w.l(libshutdown2.o)
    0x0800016a   0x0800016a   0x00000002   Code   RO         4452    .ARM.Collect$$libshutdown$$00000012  c_w.l(libshutdown2.o)
    0x0800016c   0x0800016c   0x00000000   Code   RO         4321    .ARM.Collect$$rtentry$$00000000  c_w.l(__rtentry.o)
    0x0800016c   0x0800016c   0x00000000   Code   RO         4325    .ARM.Collect$$rtentry$$00000002  c_w.l(__rtentry2.o)
    0x0800016c   0x0800016c   0x00000006   Code   RO         4337    .ARM.Collect$$rtentry$$00000004  c_w.l(__rtentry4.o)
    0x08000172   0x08000172   0x00000000   Code   RO         4327    .ARM.Collect$$rtentry$$00000009  c_w.l(__rtentry2.o)
    0x08000172   0x08000172   0x00000004   Code   RO         4328    .ARM.Collect$$rtentry$$0000000A  c_w.l(__rtentry2.o)
    0x08000176   0x08000176   0x00000000   Code   RO         4330    .ARM.Collect$$rtentry$$0000000C  c_w.l(__rtentry2.o)
    0x08000176   0x08000176   0x00000008   Code   RO         4331    .ARM.Collect$$rtentry$$0000000D  c_w.l(__rtentry2.o)
    0x0800017e   0x0800017e   0x00000002   Code   RO         4352    .ARM.Collect$$rtexit$$00000000  c_w.l(rtexit.o)
    0x08000180   0x08000180   0x00000000   Code   RO         4400    .ARM.Collect$$rtexit$$00000002  c_w.l(rtexit2.o)
    0x08000180   0x08000180   0x00000004   Code   RO         4401    .ARM.Collect$$rtexit$$00000003  c_w.l(rtexit2.o)
    0x08000184   0x08000184   0x00000006   Code   RO         4402    .ARM.Collect$$rtexit$$00000004  c_w.l(rtexit2.o)
    0x0800018a   0x0800018a   0x00000002   PAD
    0x0800018c   0x0800018c   0x00000040   Code   RO            4    .text               startup_stm32f103xb.o
    0x080001cc   0x080001cc   0x00000016   Code   RO         4313    .text               c_w.l(memset.o)
    0x080001e2   0x080001e2   0x0000004e   Code   RO         4315    .text               c_w.l(rt_memclr_w.o)
    0x08000230   0x08000230   0x00000006   Code   RO         4317    .text               c_w.l(heapauxi.o)
    0x08000236   0x08000236   0x00000044   Code   RO         4322    .text               c_w.l(rt_memclr.o)
    0x0800027a   0x0800027a   0x0000004a   Code   RO         4339    .text               c_w.l(sys_stackheap_outer.o)
    0x080002c4   0x080002c4   0x00000012   Code   RO         4341    .text               c_w.l(exit.o)
    0x080002d6   0x080002d6   0x00000002   PAD
    0x080002d8   0x080002d8   0x00000008   Code   RO         4349    .text               c_w.l(libspace.o)
    0x080002e0   0x080002e0   0x0000000c   Code   RO         4410    .text               c_w.l(sys_exit.o)
    0x080002ec   0x080002ec   0x00000008   Code   RO         4415    .text               c_w.l(rt_fp_status_addr_intlibspace.o)
    0x080002f4   0x080002f4   0x00000002   Code   RO         4426    .text               c_w.l(use_no_semi.o)
    0x080002f6   0x080002f6   0x00000000   Code   RO         4428    .text               c_w.l(indicate_semi.o)
    0x080002f6   0x080002f6   0x0000003c   Code   RO         1790    .text.u8g2_ClearBuffer  libu8g2.lib(u8g2_buffer.c.obj)
    0x08000332   0x08000332   0x00000002   PAD
    0x08000334   0x08000334   0x000000a4   Code   RO         1914    .text.u8g2_DrawGlyph  libu8g2.lib(u8g2_font.c.obj)
    0x080003d8   0x080003d8   0x00000116   Code   RO         4067    .text.u8g2_DrawHVLine  libu8g2.lib(u8g2_hvline.c.obj)
    0x080004ee   0x080004ee   0x00000002   PAD
    0x080004f0   0x080004f0   0x00000034   Code   RO         1918    .text.u8g2_DrawStr  libu8g2.lib(u8g2_font.c.obj)
    0x08000524   0x08000524   0x00000034   Code   RO         1920    .text.u8g2_DrawUTF8  libu8g2.lib(u8g2_font.c.obj)
    0x08000558   0x08000558   0x00000056   Code   RO         4084    .text.u8g2_IsIntersection  libu8g2.lib(u8g2_intersection.c.obj)
    0x080005ae   0x080005ae   0x0000001c   Code   RO         1793    .text.u8g2_SendBuffer  libu8g2.lib(u8g2_buffer.c.obj)
    0x080005ca   0x080005ca   0x00000034   Code   RO         1936    .text.u8g2_SetFont  libu8g2.lib(u8g2_font.c.obj)
    0x080005fe   0x080005fe   0x00000002   PAD
    0x08000600   0x08000600   0x0000001c   Code   RO         1929    .text.u8g2_SetFontPosBaseline  libu8g2.lib(u8g2_font.c.obj)
    0x0800061c   0x0800061c   0x0000003e   Code   RO         3964    .text.u8g2_SetMaxClipWindow  libu8g2.lib(u8g2_setup.c.obj)
    0x0800065a   0x0800065a   0x00000086   Code   RO         3966    .text.u8g2_SetupBuffer  libu8g2.lib(u8g2_setup.c.obj)
    0x080006e0   0x080006e0   0x00000050   Code   RO         1877    .text.u8g2_Setup_ssd1306_i2c_128x64_noname_f  libu8g2.lib(u8g2_d_setup.c.obj)
    0x08000730   0x08000730   0x000000d6   Code   RO         1924    .text.u8g2_UpdateRefHeight  libu8g2.lib(u8g2_font.c.obj)
    0x08000806   0x08000806   0x00000076   Code   RO         1902    .text.u8g2_add_vector_x  libu8g2.lib(u8g2_font.c.obj)
    0x0800087c   0x0800087c   0x00000076   Code   RO         1901    .text.u8g2_add_vector_y  libu8g2.lib(u8g2_font.c.obj)
    0x080008f2   0x080008f2   0x000000ba   Code   RO         3970    .text.u8g2_apply_clip_window  libu8g2.lib(u8g2_setup.c.obj)
    0x080009ac   0x080009ac   0x0000009a   Code   RO         4065    .text.u8g2_clip_intersection2  libu8g2.lib(u8g2_hvline.c.obj)
    0x08000a46   0x08000a46   0x00000042   Code   RO         4066    .text.u8g2_draw_hv_line_2dir  libu8g2.lib(u8g2_hvline.c.obj)
    0x08000a88   0x08000a88   0x00000034   Code   RO         3979    .text.u8g2_draw_l90_r0  libu8g2.lib(u8g2_setup.c.obj)
    0x08000abc   0x08000abc   0x000000b8   Code   RO         1916    .text.u8g2_draw_string  libu8g2.lib(u8g2_font.c.obj)
    0x08000b74   0x08000b74   0x00000014   Code   RO         1928    .text.u8g2_font_calc_vref_font  libu8g2.lib(u8g2_font.c.obj)
    0x08000b88   0x08000b88   0x00000046   Code   RO         1900    .text.u8g2_font_decode_get_signed_bits  libu8g2.lib(u8g2_font.c.obj)
    0x08000bce   0x08000bce   0x00000094   Code   RO         1899    .text.u8g2_font_decode_get_unsigned_bits  libu8g2.lib(u8g2_font.c.obj)
    0x08000c62   0x08000c62   0x00000002   PAD
    0x08000c64   0x08000c64   0x0000021c   Code   RO         1906    .text.u8g2_font_decode_glyph  libu8g2.lib(u8g2_font.c.obj)
    0x08000e80   0x08000e80   0x00000110   Code   RO         1903    .text.u8g2_font_decode_len  libu8g2.lib(u8g2_font.c.obj)
    0x08000f90   0x08000f90   0x00000056   Code   RO         1909    .text.u8g2_font_draw_glyph  libu8g2.lib(u8g2_font.c.obj)
    0x08000fe6   0x08000fe6   0x00000022   Code   RO         1890    .text.u8g2_font_get_byte  libu8g2.lib(u8g2_font.c.obj)
    0x08001008   0x08001008   0x00000100   Code   RO         1908    .text.u8g2_font_get_glyph_data  libu8g2.lib(u8g2_font.c.obj)
    0x08001108   0x08001108   0x0000003e   Code   RO         1891    .text.u8g2_font_get_word  libu8g2.lib(u8g2_font.c.obj)
    0x08001146   0x08001146   0x0000006e   Code   RO         1905    .text.u8g2_font_setup_decode  libu8g2.lib(u8g2_font.c.obj)
    0x080011b4   0x080011b4   0x00000066   Code   RO         4083    .text.u8g2_is_intersection_decision_tree  libu8g2.lib(u8g2_intersection.c.obj)
    0x0800121a   0x0800121a   0x0000013e   Code   RO         4109    .text.u8g2_ll_hvline_vertical_top_lsb  libu8g2.lib(u8g2_ll_hvline.c.obj)
    0x08001358   0x08001358   0x00000020   Code   RO         4050    .text.u8g2_m_16_8_f  libu8g2.lib(u8g2_d_memory.c.obj)
    0x08001378   0x08001378   0x00000152   Code   RO         1892    .text.u8g2_read_font_info  libu8g2.lib(u8g2_font.c.obj)
    0x080014ca   0x080014ca   0x00000054   Code   RO         1792    .text.u8g2_send_buffer  libu8g2.lib(u8g2_buffer.c.obj)
    0x0800151e   0x0800151e   0x00000056   Code   RO         1791    .text.u8g2_send_tile_row  libu8g2.lib(u8g2_buffer.c.obj)
    0x08001574   0x08001574   0x000000be   Code   RO         3969    .text.u8g2_update_dimension_common  libu8g2.lib(u8g2_setup.c.obj)
    0x08001632   0x08001632   0x00000016   Code   RO         3971    .text.u8g2_update_dimension_r0  libu8g2.lib(u8g2_setup.c.obj)
    0x08001648   0x08001648   0x00000042   Code   RO         3972    .text.u8g2_update_page_win_r0  libu8g2.lib(u8g2_setup.c.obj)
    0x0800168a   0x0800168a   0x00000044   Code   RO         4008    .text.u8x8_DrawTile  libu8g2.lib(u8x8_display.c.obj)
    0x080016ce   0x080016ce   0x0000001e   Code   RO         4011    .text.u8x8_InitDisplay  libu8g2.lib(u8x8_display.c.obj)
    0x080016ec   0x080016ec   0x0000001e   Code   RO         4015    .text.u8x8_RefreshDisplay  libu8g2.lib(u8x8_display.c.obj)
    0x0800170a   0x0800170a   0x00000022   Code   RO         4012    .text.u8x8_SetPowerSave  libu8g2.lib(u8x8_display.c.obj)
    0x0800172c   0x0800172c   0x0000003a   Code   RO         4036    .text.u8x8_Setup    libu8g2.lib(u8x8_setup.c.obj)
    0x08001766   0x08001766   0x00000002   PAD
    0x08001768   0x08001768   0x0000005c   Code   RO         4035    .text.u8x8_SetupDefaults  libu8g2.lib(u8x8_setup.c.obj)
    0x080017c4   0x080017c4   0x0000001e   Code   RO         4009    .text.u8x8_SetupMemory  libu8g2.lib(u8x8_display.c.obj)
    0x080017e2   0x080017e2   0x0000002c   Code   RO         4132    .text.u8x8_ascii_next  libu8g2.lib(u8x8_8x8.c.obj)
    0x0800180e   0x0800180e   0x00000020   Code   RO         4263    .text.u8x8_byte_EndTransfer  libu8g2.lib(u8x8_byte.c.obj)
    0x0800182e   0x0800182e   0x00000022   Code   RO         4261    .text.u8x8_byte_SendByte  libu8g2.lib(u8x8_byte.c.obj)
    0x08001850   0x08001850   0x00000026   Code   RO         4260    .text.u8x8_byte_SendBytes  libu8g2.lib(u8x8_byte.c.obj)
    0x08001876   0x08001876   0x00000020   Code   RO         4262    .text.u8x8_byte_StartTransfer  libu8g2.lib(u8x8_byte.c.obj)
    0x08001896   0x08001896   0x00000020   Code   RO         4160    .text.u8x8_cad_EndTransfer  libu8g2.lib(u8x8_cad.c.obj)
    0x080018b6   0x080018b6   0x00000024   Code   RO         4156    .text.u8x8_cad_SendArg  libu8g2.lib(u8x8_cad.c.obj)
    0x080018da   0x080018da   0x00000024   Code   RO         4155    .text.u8x8_cad_SendCmd  libu8g2.lib(u8x8_cad.c.obj)
    0x080018fe   0x080018fe   0x00000026   Code   RO         4158    .text.u8x8_cad_SendData  libu8g2.lib(u8x8_cad.c.obj)
    0x08001924   0x08001924   0x000000a4   Code   RO         4163    .text.u8x8_cad_SendSequence  libu8g2.lib(u8x8_cad.c.obj)
    0x080019c8   0x080019c8   0x00000020   Code   RO         4159    .text.u8x8_cad_StartTransfer  libu8g2.lib(u8x8_cad.c.obj)
    0x080019e8   0x080019e8   0x0000010c   Code   RO         4174    .text.u8x8_cad_ssd13xx_fast_i2c  libu8g2.lib(u8x8_cad.c.obj)
    0x08001af4   0x08001af4   0x0000007a   Code   RO         4007    .text.u8x8_d_helper_display_init  libu8g2.lib(u8x8_display.c.obj)
    0x08001b6e   0x08001b6e   0x00000026   Code   RO         4006    .text.u8x8_d_helper_display_setup_memory  libu8g2.lib(u8x8_display.c.obj)
    0x08001b94   0x08001b94   0x00000064   Code   RO         4228    .text.u8x8_d_ssd1306_128x64_noname  libu8g2.lib(u8x8_d_ssd1306_128x64_noname.c.obj)
    0x08001bf8   0x08001bf8   0x00000150   Code   RO         4226    .text.u8x8_d_ssd1306_sh1106_generic  libu8g2.lib(u8x8_d_ssd1306_128x64_noname.c.obj)
    0x08001d48   0x08001d48   0x0000001e   Code   RO         4032    .text.u8x8_dummy_cb  libu8g2.lib(u8x8_setup.c.obj)
    0x08001d66   0x08001d66   0x00000026   Code   RO         4247    .text.u8x8_gpio_call  libu8g2.lib(u8x8_gpio.c.obj)
    0x08001d8c   0x08001d8c   0x00000038   Code   RO         4171    .text.u8x8_i2c_data_transfer  libu8g2.lib(u8x8_cad.c.obj)
    0x08001dc4   0x08001dc4   0x0000001a   Code   RO         4131    .text.u8x8_utf8_init  libu8g2.lib(u8x8_8x8.c.obj)
    0x08001dde   0x08001dde   0x00000106   Code   RO         4133    .text.u8x8_utf8_next  libu8g2.lib(u8x8_8x8.c.obj)
    0x08001ee4   0x08001ee4   0x00000002   Code   RO          151    i.BusFault_Handler  stm32f1xx_it.o
    0x08001ee6   0x08001ee6   0x00000002   Code   RO          152    i.DebugMon_Handler  stm32f1xx_it.o
    0x08001ee8   0x08001ee8   0x00000024   Code   RO          782    i.HAL_Delay         stm32f1xx_hal.o
    0x08001f0c   0x08001f0c   0x000001e0   Code   RO         1092    i.HAL_GPIO_Init     stm32f1xx_hal_gpio.o
    0x080020ec   0x080020ec   0x0000000c   Code   RO          786    i.HAL_GetTick       stm32f1xx_hal.o
    0x080020f8   0x080020f8   0x00000188   Code   RO          349    i.HAL_I2C_Init      stm32f1xx_hal_i2c.o
    0x08002280   0x08002280   0x0000012c   Code   RO          362    i.HAL_I2C_Master_Transmit  stm32f1xx_hal_i2c.o
    0x080023ac   0x080023ac   0x0000005c   Code   RO          227    i.HAL_I2C_MspInit   stm32f1xx_hal_msp.o
    0x08002408   0x08002408   0x00000010   Code   RO          792    i.HAL_IncTick       stm32f1xx_hal.o
    0x08002418   0x08002418   0x00000024   Code   RO          793    i.HAL_Init          stm32f1xx_hal.o
    0x0800243c   0x0800243c   0x00000040   Code   RO          794    i.HAL_InitTick      stm32f1xx_hal.o
    0x0800247c   0x0800247c   0x0000003c   Code   RO          228    i.HAL_MspInit       stm32f1xx_hal_msp.o
    0x080024b8   0x080024b8   0x00000040   Code   RO         1258    i.HAL_NVIC_SetPriority  stm32f1xx_hal_cortex.o
    0x080024f8   0x080024f8   0x00000024   Code   RO         1259    i.HAL_NVIC_SetPriorityGrouping  stm32f1xx_hal_cortex.o
    0x0800251c   0x0800251c   0x0000012c   Code   RO          950    i.HAL_RCC_ClockConfig  stm32f1xx_hal_rcc.o
    0x08002648   0x08002648   0x00000020   Code   RO          957    i.HAL_RCC_GetPCLK1Freq  stm32f1xx_hal_rcc.o
    0x08002668   0x08002668   0x0000004c   Code   RO          959    i.HAL_RCC_GetSysClockFreq  stm32f1xx_hal_rcc.o
    0x080026b4   0x080026b4   0x00000320   Code   RO          962    i.HAL_RCC_OscConfig  stm32f1xx_hal_rcc.o
    0x080029d4   0x080029d4   0x00000028   Code   RO         1263    i.HAL_SYSTICK_Config  stm32f1xx_hal_cortex.o
    0x080029fc   0x080029fc   0x00000002   Code   RO          153    i.HardFault_Handler  stm32f1xx_it.o
    0x080029fe   0x080029fe   0x0000002e   Code   RO          392    i.I2C_IsAcknowledgeFailed  stm32f1xx_hal_i2c.o
    0x08002a2c   0x08002a2c   0x0000009c   Code   RO          396    i.I2C_MasterRequestWrite  stm32f1xx_hal_i2c.o
    0x08002ac8   0x08002ac8   0x00000056   Code   RO          407    i.I2C_WaitOnBTFFlagUntilTimeout  stm32f1xx_hal_i2c.o
    0x08002b1e   0x08002b1e   0x00000002   PAD
    0x08002b20   0x08002b20   0x00000090   Code   RO          408    i.I2C_WaitOnFlagUntilTimeout  stm32f1xx_hal_i2c.o
    0x08002bb0   0x08002bb0   0x000000bc   Code   RO          409    i.I2C_WaitOnMasterAddressFlagUntilTimeout  stm32f1xx_hal_i2c.o
    0x08002c6c   0x08002c6c   0x00000056   Code   RO          411    i.I2C_WaitOnTXEFlagUntilTimeout  stm32f1xx_hal_i2c.o
    0x08002cc2   0x08002cc2   0x00000002   Code   RO          154    i.MemManage_Handler  stm32f1xx_it.o
    0x08002cc4   0x08002cc4   0x00000002   Code   RO          155    i.NMI_Handler       stm32f1xx_it.o
    0x08002cc6   0x08002cc6   0x00000002   Code   RO          156    i.PendSV_Handler    stm32f1xx_it.o
    0x08002cc8   0x08002cc8   0x00000002   Code   RO          157    i.SVC_Handler       stm32f1xx_it.o
    0x08002cca   0x08002cca   0x00000004   Code   RO          158    i.SysTick_Handler   stm32f1xx_it.o
    0x08002cce   0x08002cce   0x00000050   Code   RO           14    i.SystemClock_Config  main.o
    0x08002d1e   0x08002d1e   0x00000002   Code   RO         1753    i.SystemInit        system_stm32f1xx.o
    0x08002d20   0x08002d20   0x00000002   Code   RO          159    i.UsageFault_Handler  stm32f1xx_it.o
    0x08002d22   0x08002d22   0x00000020   Code   RO         1265    i.__NVIC_SetPriority  stm32f1xx_hal_cortex.o
    0x08002d42   0x08002d42   0x00000002   PAD
    0x08002d44   0x08002d44   0x0000009c   Code   RO           15    i.main              main.o
    0x08002de0   0x08002de0   0x00000074   Code   RO          262    i.port_byte         u8g2_ssd1306_hal.o
    0x08002e54   0x08002e54   0x00000050   Code   RO          264    i.u8g2_init_ssd1306_i2c  u8g2_ssd1306_hal.o
    0x08002ea4   0x08002ea4   0x0000000e   Code   RO         4408    x$fpl$fpinit        g_ws.l(fpinit.o)
    0x08002eb2   0x08002eb2   0x00000012   Data   RO          963    .constdata          stm32f1xx_hal_rcc.o
    0x08002ec4   0x08002ec4   0x00000010   Data   RO         1754    .constdata          system_stm32f1xx.o
    0x08002ed4   0x08002ed4   0x00000008   Data   RO         1755    .constdata          system_stm32f1xx.o
    0x08002edc   0x08002edc   0x0000000c   Data   RO         3985    .rodata.u8g2_cb_r0  libu8g2.lib(u8g2_setup.c.obj)
    0x08002ee8   0x08002ee8   0x00001e28   Data   RO         3158    .rodata.u8g2_font_boutique_bitmap_9x9_bold_t_chinese1  libu8g2.lib(u8g2_fonts.c.obj)
    0x08004d10   0x08004d10   0x00000007   Data   RO         4222    .rodata.u8x8_d_ssd1306_128x64_noname_flip0_seq  libu8g2.lib(u8x8_d_ssd1306_128x64_noname.c.obj)
    0x08004d17   0x08004d17   0x00000001   PAD
    0x08004d18   0x08004d18   0x00000007   Data   RO         4223    .rodata.u8x8_d_ssd1306_128x64_noname_flip1_seq  libu8g2.lib(u8x8_d_ssd1306_128x64_noname.c.obj)
    0x08004d1f   0x08004d1f   0x00000001   PAD
    0x08004d20   0x08004d20   0x00000035   Data   RO         4215    .rodata.u8x8_d_ssd1306_128x64_noname_init_seq  libu8g2.lib(u8x8_d_ssd1306_128x64_noname.c.obj)
    0x08004d55   0x08004d55   0x00000003   PAD
    0x08004d58   0x08004d58   0x00000005   Data   RO         4220    .rodata.u8x8_d_ssd1306_128x64_noname_powersave0_seq  libu8g2.lib(u8x8_d_ssd1306_128x64_noname.c.obj)
    0x08004d5d   0x08004d5d   0x00000003   PAD
    0x08004d60   0x08004d60   0x00000005   Data   RO         4221    .rodata.u8x8_d_ssd1306_128x64_noname_powersave1_seq  libu8g2.lib(u8x8_d_ssd1306_128x64_noname.c.obj)
    0x08004d65   0x08004d65   0x00000003   PAD
    0x08004d68   0x08004d68   0x00000018   Data   RO         4227    .rodata.u8x8_ssd1306_128x64_noname_display_info  libu8g2.lib(u8x8_d_ssd1306_128x64_noname.c.obj)
    0x08004d80   0x08004d80   0x00000020   Data   RO         4483    Region$$Table       anon$$obj.o


    Execution Region RW_IRAM1 (Exec base: 0x20000000, Load base: 0x08004da0, Size: 0x00000bd0, Max: 0x00005000, ABSOLUTE)

    Exec Addr    Load Addr    Size         Type   Attr      Idx    E Section Name        Object

    0x20000000   0x08004da0   0x00000008   Data   RW          266    .data               u8g2_ssd1306_hal.o
    0x20000008   0x08004da8   0x0000000c   Data   RW          800    .data               stm32f1xx_hal.o
    0x20000014   0x08004db4   0x00000004   Data   RW         1756    .data               system_stm32f1xx.o
    0x20000018        -       0x00000054   Zero   RW           16    .bss                main.o
    0x2000006c        -       0x00000100   Zero   RW          265    .bss                u8g2_ssd1306_hal.o
    0x2000016c        -       0x00000060   Zero   RW         4350    .bss                c_w.l(libspace.o)
    0x200001cc        -       0x00000400   Zero   RW         4053    .bss.buf.0          libu8g2.lib(u8g2_d_memory.c.obj)
    0x200005cc        -       0x00000001   Zero   RW         4180    .bss.in_transfer.5  libu8g2.lib(u8x8_cad.c.obj)
    0x200005cd   0x08004db8   0x00000003   PAD
    0x200005d0        -       0x00000200   Zero   RW            2    HEAP                startup_stm32f103xb.o
    0x200007d0        -       0x00000400   Zero   RW            1    STACK               startup_stm32f103xb.o


==============================================================================

Image component sizes


      Code (inc. data)   RO Data    RW Data    ZI Data      Debug   Object Name

       236         32          0          0         84     558260   main.o
        64         26        236          0       1536        788   startup_stm32f103xb.o
       164         28          0         12          0       5717   stm32f1xx_hal.o
       172         14          0          0          0      28174   stm32f1xx_hal_cortex.o
       480         34          0          0          0       2216   stm32f1xx_hal_gpio.o
      1398         32          0          0          0       8909   stm32f1xx_hal_i2c.o
       152         20          0          0          0       1480   stm32f1xx_hal_msp.o
      1208         72         18          0          0       4433   stm32f1xx_hal_rcc.o
        20          0          0          0          0       3662   stm32f1xx_it.o
         2          0         24          4          0       1047   system_stm32f1xx.o
       196         32          0          8        256       2282   u8g2_ssd1306_hal.o

    ----------------------------------------------------------------------
      4096        290        310         24       1876     616968   Object Totals
         0          0         32          0          0          0   (incl. Generated)
         4          0          0          0          0          0   (incl. Padding)

    ----------------------------------------------------------------------

      Code (inc. data)   RO Data    RW Data    ZI Data      Debug   Library Member Name

         8          0          0          0          0         68   __main.o
         0          0          0          0          0          0   __rtentry.o
        12          0          0          0          0          0   __rtentry2.o
         6          0          0          0          0          0   __rtentry4.o
        52          8          0          0          0          0   __scatter.o
        26          0          0          0          0          0   __scatter_copy.o
        28          0          0          0          0          0   __scatter_zi.o
        18          0          0          0          0         80   exit.o
         6          0          0          0          0        152   heapauxi.o
         0          0          0          0          0          0   indicate_semi.o
         2          0          0          0          0          0   libinit.o
         6          0          0          0          0          0   libinit2.o
         2          0          0          0          0          0   libshutdown.o
         2          0          0          0          0          0   libshutdown2.o
         8          4          0          0         96         68   libspace.o
        22          0          0          0          0         76   memset.o
         8          4          0          0          0         68   rt_fp_status_addr_intlibspace.o
        68          0          0          0          0         68   rt_memclr.o
        78          0          0          0          0         80   rt_memclr_w.o
         2          0          0          0          0          0   rtexit.o
        10          0          0          0          0          0   rtexit2.o
        12          4          0          0          0         68   sys_exit.o
        74          0          0          0          0         80   sys_stackheap_outer.o
         2          0          0          0          0         68   use_no_semi.o
        14          0          0          0          0         76   fpinit.o
       258          0          0          0          0      62554   u8g2_buffer.c.obj
        32          4          0          0       1024      41168   u8g2_d_memory.c.obj
        80         12          0          0          0      46467   u8g2_d_setup.c.obj
      2918         60          0          0          0      58165   u8g2_font.c.obj
         0          0       7720          0          0     181122   u8g2_fonts.c.obj
       498          0          0          0          0      46743   u8g2_hvline.c.obj
       188          0          0          0          0      45012   u8g2_intersection.c.obj
       318          0          0          0          0      46138   u8g2_ll_hvline.c.obj
       712          0         12          0          0      55612   u8g2_setup.c.obj
       332          0          0          0          0      37499   u8x8_8x8.c.obj
       136          0          0          0          0      37319   u8x8_byte.c.obj
       662         28          0          0          1      38419   u8x8_cad.c.obj
       436         44        101          0          0      35550   u8x8_d_ssd1306_128x64_noname.c.obj
       352          0          0          0          0      34716   u8x8_display.c.obj
        38          0          0          0          0      32277   u8x8_gpio.c.obj
       180          4          0          0          0      33148   u8x8_setup.c.obj

    ----------------------------------------------------------------------
      7622        172       7844          0       1124     832861   Library Totals
        16          0         11          0          3          0   (incl. Padding)

    ----------------------------------------------------------------------

      Code (inc. data)   RO Data    RW Data    ZI Data      Debug   Library Name

       452         20          0          0         96        876   c_w.l
        14          0          0          0          0         76   g_ws.l
      7140        152       7833          0       1025     831909   libu8g2.lib

    ----------------------------------------------------------------------
      7622        172       7844          0       1124     832861   Library Totals

    ----------------------------------------------------------------------

==============================================================================


      Code (inc. data)   RO Data    RW Data    ZI Data      Debug   

     11718        462       8154         24       3000    1447417   Grand Totals
     11718        462       8154         24       3000    1447417   ELF Image Totals
     11718        462       8154         24          0          0   ROM Totals

==============================================================================

    Total RO  Size (Code + RO Data)                19872 (  19.41kB)
    Total RW  Size (RW Data + ZI Data)              3024 (   2.95kB)
    Total ROM Size (Code + RO Data + RW Data)      19896 (  19.43kB)

==============================================================================

